Archive member included to satisfy reference by file (symbol)

app/libapp.a(main.c.obj)      (--whole-archive)
zephyr/libzephyr.a(heap.c.obj)
                              (--whole-archive)
zephyr/libzephyr.a(cbprintf_packaged.c.obj)
                              (--whole-archive)
zephyr/libzephyr.a(printk.c.obj)
                              (--whole-archive)
zephyr/libzephyr.a(sem.c.obj)
                              (--whole-archive)
zephyr/libzephyr.a(thread_entry.c.obj)
                              (--whole-archive)
zephyr/libzephyr.a(cbprintf_complete.c.obj)
                              (--whole-archive)
zephyr/libzephyr.a(assert.c.obj)
                              (--whole-archive)
zephyr/libzephyr.a(mpsc_pbuf.c.obj)
                              (--whole-archive)
zephyr/libzephyr.a(dec.c.obj)
                              (--whole-archive)
zephyr/libzephyr.a(hex.c.obj)
                              (--whole-archive)
zephyr/libzephyr.a(rb.c.obj)  (--whole-archive)
zephyr/libzephyr.a(timeutil.c.obj)
                              (--whole-archive)
zephyr/libzephyr.a(bitarray.c.obj)
                              (--whole-archive)
zephyr/libzephyr.a(onoff.c.obj)
                              (--whole-archive)
zephyr/libzephyr.a(notify.c.obj)
                              (--whole-archive)
zephyr/libzephyr.a(ring_buffer.c.obj)
                              (--whole-archive)
zephyr/libzephyr.a(last_section_id.c.obj)
                              (--whole-archive)
zephyr/libzephyr.a(configs.c.obj)
                              (--whole-archive)
zephyr/libzephyr.a(log_core.c.obj)
                              (--whole-archive)
zephyr/libzephyr.a(log_mgmt.c.obj)
                              (--whole-archive)
zephyr/libzephyr.a(log_cache.c.obj)
                              (--whole-archive)
zephyr/libzephyr.a(log_msg.c.obj)
                              (--whole-archive)
zephyr/libzephyr.a(log_output.c.obj)
                              (--whole-archive)
zephyr/libzephyr.a(log_backend_uart.c.obj)
                              (--whole-archive)
zephyr/libzephyr.a(mem_attr.c.obj)
                              (--whole-archive)
zephyr/libzephyr.a(tracing_none.c.obj)
                              (--whole-archive)
zephyr/libzephyr.a(banner.c.obj)
                              (--whole-archive)
zephyr/libzephyr.a(flash_map_partition_manager.c.obj)
                              (--whole-archive)
zephyr/arch/common/libarch__common.a(sw_isr_common.c.obj)
                              (--whole-archive)
zephyr/arch/arch/arm/core/libarch__arm__core.a(fatal.c.obj)
                              (--whole-archive)
zephyr/arch/arch/arm/core/libarch__arm__core.a(nmi.c.obj)
                              (--whole-archive)
zephyr/arch/arch/arm/core/libarch__arm__core.a(nmi_on_reset.S.obj)
                              (--whole-archive)
zephyr/arch/arch/arm/core/libarch__arm__core.a(tls.c.obj)
                              (--whole-archive)
zephyr/arch/arch/arm/core/cortex_m/libarch__arm__core__cortex_m.a(exc_exit.c.obj)
                              (--whole-archive)
zephyr/arch/arch/arm/core/cortex_m/libarch__arm__core__cortex_m.a(fault.c.obj)
                              (--whole-archive)
zephyr/arch/arch/arm/core/cortex_m/libarch__arm__core__cortex_m.a(fault_s.S.obj)
                              (--whole-archive)
zephyr/arch/arch/arm/core/cortex_m/libarch__arm__core__cortex_m.a(fpu.c.obj)
                              (--whole-archive)
zephyr/arch/arch/arm/core/cortex_m/libarch__arm__core__cortex_m.a(reset.S.obj)
                              (--whole-archive)
zephyr/arch/arch/arm/core/cortex_m/libarch__arm__core__cortex_m.a(scb.c.obj)
                              (--whole-archive)
zephyr/arch/arch/arm/core/cortex_m/libarch__arm__core__cortex_m.a(thread_abort.c.obj)
                              (--whole-archive)
zephyr/arch/arch/arm/core/cortex_m/libarch__arm__core__cortex_m.a(vector_table.S.obj)
                              (--whole-archive)
zephyr/arch/arch/arm/core/cortex_m/libarch__arm__core__cortex_m.a(swap_helper.S.obj)
                              (--whole-archive)
zephyr/arch/arch/arm/core/cortex_m/libarch__arm__core__cortex_m.a(irq_manage.c.obj)
                              (--whole-archive)
zephyr/arch/arch/arm/core/cortex_m/libarch__arm__core__cortex_m.a(prep_c.c.obj)
                              (--whole-archive)
zephyr/arch/arch/arm/core/cortex_m/libarch__arm__core__cortex_m.a(thread.c.obj)
                              (--whole-archive)
zephyr/arch/arch/arm/core/cortex_m/libarch__arm__core__cortex_m.a(cpu_idle.c.obj)
                              (--whole-archive)
zephyr/arch/arch/arm/core/cortex_m/libarch__arm__core__cortex_m.a(irq_init.c.obj)
                              (--whole-archive)
zephyr/arch/arch/arm/core/cortex_m/libarch__arm__core__cortex_m.a(isr_wrapper.c.obj)
                              (--whole-archive)
[...]
Memory Configuration

Name             Origin             Length             Attributes
FLASH            0x0000000000000000 0x0000000000165000 xr
RAM              0x0000000020000000 0x000000000002f000 xw
IDT_LIST         0x00000000ffff7fff 0x0000000000008000 xw
*default*        0x0000000000000000 0xffffffffffffffff

Linker script and memory map

                0x00000000000067a8                vfprintf = __l_vfprintf
                0x0000000000000000                vfscanf = __l_vfscanf
LOAD zephyr/CMakeFiles/zephyr_pre0.dir/misc/empty_file.c.obj
LOAD zephyr/CMakeFiles/offsets.dir/./arch/arm/core/offsets/offsets.c.obj
LOAD app/libapp.a
LOAD zephyr/libzephyr.a
LOAD zephyr/arch/common/libarch__common.a
LOAD zephyr/arch/arch/arm/core/libarch__arm__core.a
LOAD zephyr/arch/arch/arm/core/cortex_m/libarch__arm__core__cortex_m.a
LOAD zephyr/arch/arch/arm/core/cortex_m/cmse/libarch__arm__core__cortex_m__cmse.a
LOAD zephyr/arch/arch/arm/core/mpu/libarch__arm__core__mpu.a
LOAD zephyr/lib/libc/picolibc/liblib__libc__picolibc.a
LOAD zephyr/lib/libc/common/liblib__libc__common.a
LOAD zephyr/soc/soc/nrf54l15/libsoc__nordic.a
LOAD zephyr/drivers/cache/libdrivers__cache.a
LOAD zephyr/drivers/clock_control/libdrivers__clock_control.a
LOAD zephyr/drivers/console/libdrivers__console.a
LOAD zephyr/drivers/gpio/libdrivers__gpio.a
LOAD zephyr/drivers/pinctrl/libdrivers__pinctrl.a
LOAD zephyr/drivers/serial/libdrivers__serial.a
LOAD zephyr/drivers/timer/libdrivers__timer.a
LOAD modules/nrf/subsys/nrf_security/src/zephyr/libmbedtls_zephyr.a
LOAD modules/hal_nordic/modules/hal_nordic/nrfx/libmodules__hal_nordic__nrfx.a
LOAD zephyr/kernel/libkernel.a
LOAD modules/nrf/subsys/nrf_security/src/libmbedcrypto.a
LOAD modules/nrf/subsys/nrf_security/src/core/nrf_oberon/libpsa_core.a
LOAD modules/nrf/subsys/nrf_security/src/drivers/cracen/libcracen_psa_driver.a
LOAD modules/nrf/subsys/nrf_security/src/libmbedcrypto_base.a
LOAD modules/nrf/subsys/nrf_security/src/libnrf_security_utils.a
LOAD zephyr/kernel/libkernel.a
LOAD zephyr/arch/common/libisr_tables.a
LOAD /opt/ncs/toolchains/f9c66dfcaf/opt/zephyr-sdk/arm-zephyr-eabi/bin/../lib/gcc/../../picolibc/arm-zephyr-eabi/lib/thumb/v8-m.main/nofp/libc.a
LOAD /opt/ncs/toolchains/f9c66dfcaf/opt/zephyr-sdk/arm-zephyr-eabi/bin/../lib/gcc/arm-zephyr-eabi/12.2.0/thumb/v8-m.main/nofp/libgcc.a
                0x0000000000000020                _region_min_align = 0x20

.rel.plt        0x0000000000000000        0x0
 *(SORT_BY_ALIGNMENT(.rel.plt))
                [!provide]                        PROVIDE (__rel_iplt_start = .)
 *(SORT_BY_ALIGNMENT(.rel.iplt))
 .rel.iplt      0x0000000000000000        0x0 app/libapp.a(main.c.obj)
                [!provide]                        PROVIDE (__rel_iplt_end = .)

.rela.plt       0x0000000000000000        0x0
 *(SORT_BY_ALIGNMENT(.rela.plt))
                [!provide]                        PROVIDE (__rela_iplt_start = .)
 *(SORT_BY_ALIGNMENT(.rela.iplt))
                [!provide]                        PROVIDE (__rela_iplt_end = .)

.rel.dyn
 *(SORT_BY_ALIGNMENT(.rel.*))

.rela.dyn
 *(SORT_BY_ALIGNMENT(.rela.*))

/DISCARD/
 *(SORT_BY_ALIGNMENT(.plt))

/DISCARD/
 *(SORT_BY_ALIGNMENT(.iplt))
                0x0000000000000000                __rom_region_start = 0x0

rom_start       0x0000000000000000      0x47c
                0x0000000000000000                __rom_start_address = .
 FILL mask 0x00
                0x0000000000000000                . = (. + (0x0 - (. - __rom_start_address)))
                0x0000000000000000                . = ALIGN (0x4)
                0x0000000000000000                . = ALIGN (0x80)
                0x0000000000000000                . = ALIGN (0x800)
                0x0000000000000000                _vector_start = .
 *(SORT_BY_ALIGNMENT(.exc_vector_table))
 *(SORT_BY_ALIGNMENT(.exc_vector_table.*))
 .exc_vector_table._vector_table_section
                0x0000000000000000       0x40 zephyr/arch/arch/arm/core/cortex_m/libarch__arm__core__cortex_m.a(vector_table.S.obj)
                0x0000000000000000                _vector_table
 *(SORT_BY_ALIGNMENT(.vectors))
                0x000000000000047c                _vector_end = .
                0x0000000000000040                . = ALIGN (0x4)
 *(SORT_BY_ALIGNMENT(.gnu.linkonce.irq_vector_table*))
 .gnu.linkonce.irq_vector_table
                0x0000000000000040      0x43c zephyr/arch/common/libisr_tables.a(isr_tables.c.obj)
                0x0000000000000040                _irq_vector_table
                0x000000000000047c                _vector_end = .

text            0x000000000000047c     0x814c
                0x000000000000047c                __text_region_start = .
 *(SORT_BY_ALIGNMENT(.text))
 .text          0x000000000000047c       0x30 /opt/ncs/toolchains/f9c66dfcaf/opt/zephyr-sdk/arm-zephyr-eabi/bin/../lib/gcc/arm-zephyr-eabi/12.2.0/thumb/v8-m.main/nofp/libgcc.a(_aeabi_uldivmod.o)
                0x000000000000047c                __aeabi_uldivmod
 .text          0x00000000000004ac        0x4 /opt/ncs/toolchains/f9c66dfcaf/opt/zephyr-sdk/arm-zephyr-eabi/bin/../lib/gcc/arm-zephyr-eabi/12.2.0/thumb/v8-m.main/nofp/libgcc.a(_dvmd_tls.o)
                0x00000000000004ac                __aeabi_ldiv0
                0x00000000000004ac                __aeabi_idiv0
 .text          0x00000000000004b0       0x10 /opt/ncs/toolchains/f9c66dfcaf/opt/zephyr-sdk/arm-zephyr-eabi/bin/../lib/gcc/../../picolibc/arm-zephyr-eabi/lib/thumb/v8-m.main/nofp/libc.a(strlen.S.o)
                0x00000000000004b0                strlen
 .text          0x00000000000004c0      0x29c /opt/ncs/toolchains/f9c66dfcaf/opt/zephyr-sdk/arm-zephyr-eabi/bin/../lib/gcc/arm-zephyr-eabi/12.2.0/thumb/v8-m.main/nofp/libgcc.a(_udivmoddi4.o)
                0x00000000000004c0                __udivmoddi4
 *(SORT_BY_ALIGNMENT(.text.*))
 .text.main     0x000000000000075c       0xb4 app/libapp.a(main.c.obj)
                0x000000000000075c                main
 .text.cbvprintf_package
                0x0000000000000810      0x3a4 zephyr/libzephyr.a(cbprintf_packaged.c.obj)
                0x0000000000000810                cbvprintf_package
 .text.cbprintf_package_convert
                0x0000000000000bb4      0x3cc zephyr/libzephyr.a(cbprintf_packaged.c.obj)
                0x0000000000000bb4                cbprintf_package_convert
 .text.__printk_hook_install
                0x0000000000000f80        0xc zephyr/libzephyr.a(printk.c.obj)
                0x0000000000000f80                __printk_hook_install
 .text.z_thread_entry
                0x0000000000000f8c       0x34 zephyr/libzephyr.a(thread_entry.c.obj)
                0x0000000000000f8c                z_thread_entry
 .text.process_event
                0x0000000000000fc0      0x21c zephyr/libzephyr.a(onoff.c.obj)
 .text.activate_foreach_backend
                0x00000000000011dc       0x64 zephyr/libzephyr.a(log_core.c.obj)
 .text.enable_logger
                0x0000000000001240       0x5c zephyr/libzephyr.a(log_core.c.obj)
 .text.log_process_thread_timer_expiry_fn
                0x000000000000129c        0xc zephyr/libzephyr.a(log_core.c.obj)
 .text.z_log_init
                0x00000000000012a8       0x98 zephyr/libzephyr.a(log_core.c.obj)
 .text.log_format_func_t_get
                0x0000000000001340        0xc zephyr/libzephyr.a(log_core.c.obj)
                0x0000000000001340                log_format_func_t_get
 .text.log_set_timestamp_func
                0x000000000000134c       0x20 zephyr/libzephyr.a(log_core.c.obj)
                0x000000000000134c                log_set_timestamp_func
 .text.z_log_notify_backend_enabled
                0x000000000000136c       0x1c zephyr/libzephyr.a(log_core.c.obj)
                0x000000000000136c                z_log_notify_backend_enabled
 .text.z_log_dropped
                0x0000000000001388       0x3c zephyr/libzephyr.a(log_core.c.obj)
                0x0000000000001388                z_log_dropped
 .text.z_log_dropped_read_and_clear
                0x00000000000013c4       0x18 zephyr/libzephyr.a(log_core.c.obj)
                0x00000000000013c4                z_log_dropped_read_and_clear
 .text.dropped_notify
                0x00000000000013dc       0x30 zephyr/libzephyr.a(log_core.c.obj)
                0x00000000000013dc                dropped_notify
 .text.z_log_msg_init
                0x000000000000140c       0x20 zephyr/libzephyr.a(log_core.c.obj)
                0x000000000000140c                z_log_msg_init
 .text.log_core_init
                0x000000000000142c       0x54 zephyr/libzephyr.a(log_core.c.obj)
                0x000000000000142c                log_core_init
 .text.z_log_msg_alloc
                0x0000000000001480       0x10 zephyr/libzephyr.a(log_core.c.obj)
                0x0000000000001480                z_log_msg_alloc
 .text.z_log_msg_local_claim
                0x0000000000001490        0xc zephyr/libzephyr.a(log_core.c.obj)
                0x0000000000001490                z_log_msg_local_claim
 .text.z_log_msg_free
                0x000000000000149c       0x10 zephyr/libzephyr.a(log_core.c.obj)
                0x000000000000149c                z_log_msg_free
 .text.z_log_msg_pending
                0x00000000000014ac        0xc zephyr/libzephyr.a(log_core.c.obj)
                0x00000000000014ac                z_log_msg_pending
 .text.z_impl_log_process
                0x00000000000014b8       0xb8 zephyr/libzephyr.a(log_core.c.obj)
                0x00000000000014b8                z_impl_log_process
 .text.z_impl_log_panic
                0x0000000000001570       0x44 zephyr/libzephyr.a(log_core.c.obj)
                0x0000000000001570                z_impl_log_panic
 .text.log_process_thread_func
                0x00000000000015b4       0xa4 zephyr/libzephyr.a(log_core.c.obj)
 .text.z_log_msg_post_finalize
                0x0000000000001658       0x78 zephyr/libzephyr.a(log_core.c.obj)
 .text.z_log_msg_commit
                0x00000000000016d0       0x24 zephyr/libzephyr.a(log_core.c.obj)
                0x00000000000016d0                z_log_msg_commit
 .text.log_source_name_get
                0x00000000000016f4       0x1c zephyr/libzephyr.a(log_mgmt.c.obj)
                0x00000000000016f4                log_source_name_get
 .text.z_impl_z_log_msg_static_create
                0x0000000000001710      0x108 zephyr/libzephyr.a(log_msg.c.obj)
                0x0000000000001710                z_impl_z_log_msg_static_create
 .text.z_log_msg_runtime_vcreate
                0x0000000000001818       0xa0 zephyr/libzephyr.a(log_msg.c.obj)
                0x0000000000001818                z_log_msg_runtime_vcreate
 .text.log_msg_get_source_id
                0x00000000000018b8       0x18 zephyr/libzephyr.a(log_msg.c.obj)
                0x00000000000018b8                log_msg_get_source_id
 .text.print_formatted
                0x00000000000018d0       0x24 zephyr/libzephyr.a(log_output.c.obj)
 .text.newline_print
                0x00000000000018f4       0x1c zephyr/libzephyr.a(log_output.c.obj)
 .text.log_output_process
                0x0000000000001910      0x2d4 zephyr/libzephyr.a(log_output.c.obj)
                0x0000000000001910                log_output_process
 .text.log_output_dropped_process
                0x0000000000001be4       0x58 zephyr/libzephyr.a(log_output.c.obj)
                0x0000000000001be4                log_output_dropped_process
 .text.log_output_timestamp_freq_set
                0x0000000000001c3c       0x2c zephyr/libzephyr.a(log_output.c.obj)
                0x0000000000001c3c                log_output_timestamp_freq_set
 .text.char_out
                0x0000000000001c68       0x24 zephyr/libzephyr.a(log_backend_uart.c.obj)
 .text.mem_attr_get_regions
                0x0000000000001c8c        0xc zephyr/libzephyr.a(mem_attr.c.obj)
                0x0000000000001c8c                mem_attr_get_regions
 .text.boot_banner
                0x0000000000001c98       0x1c zephyr/libzephyr.a(banner.c.obj)
                0x0000000000001c98                boot_banner
 .text.z_arm_fatal_error
                0x0000000000001cb4       0xb8 zephyr/arch/arch/arm/core/libarch__arm__core.a(fatal.c.obj)
                0x0000000000001cb4                z_arm_fatal_error
 .text.z_SysNmiOnReset
                0x0000000000001d6c        0x8 zephyr/arch/arch/arm/core/libarch__arm__core.a(nmi_on_reset.S.obj)
                0x0000000000001d6c                z_SysNmiOnReset
 .text.arch_tls_stack_setup
                0x0000000000001d74       0x40 zephyr/arch/arch/arm/core/libarch__arm__core.a(tls.c.obj)
                0x0000000000001d74                arch_tls_stack_setup
 .text._HandlerModeExit
                0x0000000000001db4       0x20 zephyr/arch/arch/arm/core/cortex_m/libarch__arm__core__cortex_m.a(exc_exit.c.obj)
                0x0000000000001db4                z_arm_exc_exit
                0x0000000000001db4                z_arm_int_exit
 .text.mem_manage_fault.constprop.0
                0x0000000000001dd4       0xd0 zephyr/arch/arch/arm/core/cortex_m/libarch__arm__core__cortex_m.a(fault.c.obj)
 .text.usage_fault.constprop.0
                0x0000000000001ea4       0xbc zephyr/arch/arch/arm/core/cortex_m/libarch__arm__core__cortex_m.a(fault.c.obj)
 .text.bus_fault.constprop.0
                0x0000000000001f60       0xd0 zephyr/arch/arch/arm/core/cortex_m/libarch__arm__core__cortex_m.a(fault.c.obj)
 .text.z_arm_fault
                0x0000000000002030      0x1d0 zephyr/arch/arch/arm/core/cortex_m/libarch__arm__core__cortex_m.a(fault.c.obj)
                0x0000000000002030                z_arm_fault
 .text.z_arm_fault_init
                0x0000000000002200       0x20 zephyr/arch/arch/arm/core/cortex_m/libarch__arm__core__cortex_m.a(fault.c.obj)
                0x0000000000002200                z_arm_fault_init
 .text.__fault  0x0000000000002220       0x14 zephyr/arch/arch/arm/core/cortex_m/libarch__arm__core__cortex_m.a(fault_s.S.obj)
                0x0000000000002220                z_arm_bus_fault
                0x0000000000002220                z_arm_usage_fault
                0x0000000000002220                z_arm_mpu_fault
                0x0000000000002220                z_arm_exc_spurious
                0x0000000000002220                z_arm_debug_monitor
                0x0000000000002220                z_arm_hard_fault
 .text._reset_section
                0x0000000000002234       0x60 zephyr/arch/arch/arm/core/cortex_m/libarch__arm__core__cortex_m.a(reset.S.obj)
                0x0000000000002234                z_arm_reset
                0x0000000000002234                __start
 .text.z_arm_clear_arm_mpu_config
                0x0000000000002294       0x24 zephyr/arch/arch/arm/core/cortex_m/libarch__arm__core__cortex_m.a(scb.c.obj)
                0x0000000000002294                z_arm_clear_arm_mpu_config
 .text.z_arm_init_arch_hw_at_boot
                0x00000000000022b8       0x4c zephyr/arch/arch/arm/core/cortex_m/libarch__arm__core__cortex_m.a(scb.c.obj)
                0x00000000000022b8                z_arm_init_arch_hw_at_boot
 .text.z_impl_k_thread_abort
                0x0000000000002304       0x2c zephyr/arch/arch/arm/core/cortex_m/libarch__arm__core__cortex_m.a(thread_abort.c.obj)
                0x0000000000002304                z_impl_k_thread_abort
 .text.z_arm_pendsv
                0x0000000000002330       0x68 zephyr/arch/arch/arm/core/cortex_m/libarch__arm__core__cortex_m.a(swap_helper.S.obj)
                0x0000000000002330                z_arm_pendsv
 .text.z_arm_svc
                0x0000000000002398       0x24 zephyr/arch/arch/arm/core/cortex_m/libarch__arm__core__cortex_m.a(swap_helper.S.obj)
                0x0000000000002398                z_arm_svc
 .text.arm_irq_enable
                0x00000000000023bc       0x1c zephyr/arch/arch/arm/core/cortex_m/libarch__arm__core__cortex_m.a(irq_manage.c.obj)
                0x00000000000023bc                arm_irq_enable
 .text.arm_irq_disable
                0x00000000000023d8       0x28 zephyr/arch/arch/arm/core/cortex_m/libarch__arm__core__cortex_m.a(irq_manage.c.obj)
                0x00000000000023d8                arm_irq_disable
 .text.arm_irq_is_enabled
                0x0000000000002400       0x1c zephyr/arch/arch/arm/core/cortex_m/libarch__arm__core__cortex_m.a(irq_manage.c.obj)
                0x0000000000002400                arm_irq_is_enabled
 .text.arm_irq_priority_set
                0x000000000000241c       0x2c zephyr/arch/arch/arm/core/cortex_m/libarch__arm__core__cortex_m.a(irq_manage.c.obj)
                0x000000000000241c                arm_irq_priority_set
 .text.relocate_vector_table
                0x0000000000002448       0x1c zephyr/arch/arch/arm/core/cortex_m/libarch__arm__core__cortex_m.a(prep_c.c.obj)
                0x0000000000002448                relocate_vector_table
 .text.z_prep_c
                0x0000000000002464       0x28 zephyr/arch/arch/arm/core/cortex_m/libarch__arm__core__cortex_m.a(prep_c.c.obj)
                0x0000000000002464                z_prep_c
 .text.arch_new_thread
                0x000000000000248c       0x38 zephyr/arch/arch/arm/core/cortex_m/libarch__arm__core__cortex_m.a(thread.c.obj)
                0x000000000000248c                arch_new_thread
 .text.arch_switch_to_main_thread
                0x00000000000024c4       0x40 zephyr/arch/arch/arm/core/cortex_m/libarch__arm__core__cortex_m.a(thread.c.obj)
                0x00000000000024c4                arch_switch_to_main_thread
 .text.z_arm_cpu_idle_init
                0x0000000000002504        0xc zephyr/arch/arch/arm/core/cortex_m/libarch__arm__core__cortex_m.a(cpu_idle.c.obj)
                0x0000000000002504                z_arm_cpu_idle_init
 .text.z_arm_interrupt_init
                0x0000000000002510       0x20 zephyr/arch/arch/arm/core/cortex_m/libarch__arm__core__cortex_m.a(irq_init.c.obj)
                0x0000000000002510                z_arm_interrupt_init
 .text._isr_wrapper
                0x0000000000002530       0x24 zephyr/arch/arch/arm/core/cortex_m/libarch__arm__core__cortex_m.a(isr_wrapper.c.obj)
                0x0000000000002530                _isr_wrapper
 .text.z_arm_configure_static_mpu_regions
                0x0000000000002554       0x38 zephyr/arch/arch/arm/core/mpu/libarch__arm__core__mpu.a(arm_core_mpu.c.obj)
                0x0000000000002554                z_arm_configure_static_mpu_regions
 .text.region_init
                0x000000000000258c       0x34 zephyr/arch/arch/arm/core/mpu/libarch__arm__core__mpu.a(arm_mpu.c.obj)
 .text.region_allocate_and_init
                0x00000000000025c0       0x38 zephyr/arch/arch/arm/core/mpu/libarch__arm__core__mpu.a(arm_mpu.c.obj)
 .text.mpu_configure_regions_and_partition.constprop.0
                0x00000000000025f8      0x164 zephyr/arch/arch/arm/core/mpu/libarch__arm__core__mpu.a(arm_mpu.c.obj)
 .text.arm_core_mpu_enable
                0x000000000000275c       0x18 zephyr/arch/arch/arm/core/mpu/libarch__arm__core__mpu.a(arm_mpu.c.obj)
                0x000000000000275c                arm_core_mpu_enable
 .text.arm_core_mpu_disable
                0x0000000000002774       0x14 zephyr/arch/arch/arm/core/mpu/libarch__arm__core__mpu.a(arm_mpu.c.obj)
                0x0000000000002774                arm_core_mpu_disable
 .text.arm_core_mpu_configure_static_mpu_regions
                0x0000000000002788       0x14 zephyr/arch/arch/arm/core/mpu/libarch__arm__core__mpu.a(arm_mpu.c.obj)
                0x0000000000002788                arm_core_mpu_configure_static_mpu_regions
 .text.arm_core_mpu_mark_areas_for_dynamic_regions
                0x000000000000279c       0xb8 zephyr/arch/arch/arm/core/mpu/libarch__arm__core__mpu.a(arm_mpu.c.obj)
                0x000000000000279c                arm_core_mpu_mark_areas_for_dynamic_regions
 .text.z_arm_mpu_init
                0x0000000000002854      0x11c zephyr/arch/arch/arm/core/mpu/libarch__arm__core__mpu.a(arm_mpu.c.obj)
                0x0000000000002854                z_arm_mpu_init
 .text.cbvprintf
                0x0000000000002970       0x38 zephyr/lib/libc/picolibc/liblib__libc__picolibc.a(cbprintf.c.obj)
                0x0000000000002970                cbvprintf
 .text.z_impl_zephyr_fputc
                0x00000000000029a8       0x10 zephyr/lib/libc/picolibc/liblib__libc__picolibc.a(stdio.c.obj)
                0x00000000000029a8                z_impl_zephyr_fputc
 .text.__stdout_hook_install
                0x00000000000029b8       0x18 zephyr/lib/libc/picolibc/liblib__libc__picolibc.a(stdio.c.obj)
                0x00000000000029b8                __stdout_hook_install
 .text.malloc_prepare
                0x00000000000029d0       0x24 zephyr/lib/libc/common/liblib__libc__common.a(malloc.c.obj)
 .text.nordicsemi_nrf54l_init
                0x00000000000029f4       0xa4 zephyr/soc/soc/nrf54l15/libsoc__nordic.a(soc.c.obj)
                0x00000000000029f4                nordicsemi_nrf54l_init
 .text.arch_busy_wait
                0x0000000000002a98       0x24 zephyr/soc/soc/nrf54l15/libsoc__nordic.a(soc.c.obj)
                0x0000000000002a98                arch_busy_wait
 .text.cache_instr_enable
                0x0000000000002abc       0x10 zephyr/drivers/cache/libdrivers__cache.a(cache_nrf.c.obj)
                0x0000000000002abc                cache_instr_enable
 .text.onoff_stop
                0x0000000000002acc       0x30 zephyr/drivers/clock_control/libdrivers__clock_control.a(clock_control_nrf.c.obj)
 .text.onoff_start
                0x0000000000002afc       0x44 zephyr/drivers/clock_control/libdrivers__clock_control.a(clock_control_nrf.c.obj)
 .text.generic_hfclk_stop
                0x0000000000002b40       0x34 zephyr/drivers/clock_control/libdrivers__clock_control.a(clock_control_nrf.c.obj)
 .text.clk_init
                0x0000000000002b74       0x5c zephyr/drivers/clock_control/libdrivers__clock_control.a(clock_control_nrf.c.obj)
 .text.api_blocking_start
                0x0000000000002bd0       0x34 zephyr/drivers/clock_control/libdrivers__clock_control.a(clock_control_nrf.c.obj)
 .text.clkstarted_handle.constprop.0
                0x0000000000002c04       0x4c zephyr/drivers/clock_control/libdrivers__clock_control.a(clock_control_nrf.c.obj)
 .text.generic_hfclk_start
                0x0000000000002c50       0x78 zephyr/drivers/clock_control/libdrivers__clock_control.a(clock_control_nrf.c.obj)
 .text.z_nrf_clock_control_lf_on
                0x0000000000002cc8       0xf4 zephyr/drivers/clock_control/libdrivers__clock_control.a(clock_control_nrf.c.obj)
                0x0000000000002cc8                z_nrf_clock_control_lf_on
 .text.uart_console_init
                0x0000000000002dbc       0x28 zephyr/drivers/console/libdrivers__console.a(uart_console.c.obj)
 .text.console_out
                0x0000000000002de4       0x28 zephyr/drivers/console/libdrivers__console.a(uart_console.c.obj)
 .text.gpio_nrfx_pin_configure
                0x0000000000002e0c      0x188 zephyr/drivers/gpio/libdrivers__gpio.a(gpio_nrfx.c.obj)
 .text.nrfx_gpio_handler
                0x0000000000002f94       0x58 zephyr/drivers/gpio/libdrivers__gpio.a(gpio_nrfx.c.obj)
 .text.gpio_nrfx_init
                0x0000000000002fec       0x54 zephyr/drivers/gpio/libdrivers__gpio.a(gpio_nrfx.c.obj)
 .text.gpio_nrfx_pin_interrupt_configure
                0x0000000000003040      0x11c zephyr/drivers/gpio/libdrivers__gpio.a(gpio_nrfx.c.obj)
 .text.nrf_gpio_pin_port_decode
                0x000000000000315c       0x20 zephyr/drivers/pinctrl/libdrivers__pinctrl.a(pinctrl_nrf.c.obj)
 .text.pinctrl_configure_pins
                0x000000000000317c      0x17c zephyr/drivers/pinctrl/libdrivers__pinctrl.a(pinctrl_nrf.c.obj)
                0x000000000000317c                pinctrl_configure_pins
 .text.uarte_20_init
                0x00000000000032f8       0xdc zephyr/drivers/serial/libdrivers__serial.a(uart_nrfx_uarte.c.obj)
 .text.uarte_nrfx_poll_out
                0x00000000000033d4       0xb4 zephyr/drivers/serial/libdrivers__serial.a(uart_nrfx_uarte.c.obj)
 .text.sys_clock_timeout_handler
                0x0000000000003488       0x40 zephyr/drivers/timer/libdrivers__timer.a(nrf_grtc_timer.c.obj)
 .text.sys_clock_driver_init
                0x00000000000034c8       0x88 zephyr/drivers/timer/libdrivers__timer.a(nrf_grtc_timer.c.obj)
 .text.sys_clock_elapsed
                0x0000000000003550       0x20 zephyr/drivers/timer/libdrivers__timer.a(nrf_grtc_timer.c.obj)
                0x0000000000003550                sys_clock_elapsed
 .text.sys_clock_set_timeout
                0x0000000000003570       0x50 zephyr/drivers/timer/libdrivers__timer.a(nrf_grtc_timer.c.obj)
                0x0000000000003570                sys_clock_set_timeout
 .text.nrf54l_errata_31
                0x00000000000035c0       0x20 modules/hal_nordic/modules/hal_nordic/nrfx/libmodules__hal_nordic__nrfx.a(system_nrf54l.c.obj)
 .text.nrf54l_handle_approtect_signal
                0x00000000000035e0       0x34 modules/hal_nordic/modules/hal_nordic/nrfx/libmodules__hal_nordic__nrfx.a(system_nrf54l.c.obj)
 .text.SystemInit
                0x0000000000003614      0x12c modules/hal_nordic/modules/hal_nordic/nrfx/libmodules__hal_nordic__nrfx.a(system_nrf54l.c.obj)
                0x0000000000003614                SystemInit
 .text.nrfx_flag32_alloc
                0x0000000000003740       0x40 modules/hal_nordic/modules/hal_nordic/nrfx/libmodules__hal_nordic__nrfx.a(nrfx_flag32_allocator.c.obj)
                0x0000000000003740                nrfx_flag32_alloc
 .text.nrfx_flag32_free
                0x0000000000003780       0x38 modules/hal_nordic/modules/hal_nordic/nrfx/libmodules__hal_nordic__nrfx.a(nrfx_flag32_allocator.c.obj)
                0x0000000000003780                nrfx_flag32_free
 .text.clock_stop
                0x00000000000037b8       0xe8 modules/hal_nordic/modules/hal_nordic/nrfx/libmodules__hal_nordic__nrfx.a(nrfx_clock.c.obj)
 .text.nrfx_clock_init
                0x00000000000038a0       0x20 modules/hal_nordic/modules/hal_nordic/nrfx/libmodules__hal_nordic__nrfx.a(nrfx_clock.c.obj)
                0x00000000000038a0                nrfx_clock_init
 .text.nrfx_clock_enable
                0x00000000000038c0       0x2c modules/hal_nordic/modules/hal_nordic/nrfx/libmodules__hal_nordic__nrfx.a(nrfx_clock.c.obj)
                0x00000000000038c0                nrfx_clock_enable
 .text.nrfx_clock_start
                0x00000000000038ec       0xe0 modules/hal_nordic/modules/hal_nordic/nrfx/libmodules__hal_nordic__nrfx.a(nrfx_clock.c.obj)
                0x00000000000038ec                nrfx_clock_start
 .text.nrfx_power_clock_irq_handler
                0x00000000000039cc       0x88 modules/hal_nordic/modules/hal_nordic/nrfx/libmodules__hal_nordic__nrfx.a(nrfx_clock.c.obj)
                0x00000000000039cc                nrfx_power_clock_irq_handler
 .text.nrf_gpio_pin_port_decode
                0x0000000000003a54       0x20 modules/hal_nordic/modules/hal_nordic/nrfx/libmodules__hal_nordic__nrfx.a(nrfx_gpiote.c.obj)
 .text.get_pin_idx
                0x0000000000003a74       0x14 modules/hal_nordic/modules/hal_nordic/nrfx/libmodules__hal_nordic__nrfx.a(nrfx_gpiote.c.obj)
 .text.release_handler
                0x0000000000003a88       0x74 modules/hal_nordic/modules/hal_nordic/nrfx/libmodules__hal_nordic__nrfx.a(nrfx_gpiote.c.obj)
 .text.latch_pending_read_and_check
                0x0000000000003afc       0x58 modules/hal_nordic/modules/hal_nordic/nrfx/libmodules__hal_nordic__nrfx.a(nrfx_gpiote.c.obj)
 .text.pin_te_get.isra.0
                0x0000000000003b54       0x20 modules/hal_nordic/modules/hal_nordic/nrfx/libmodules__hal_nordic__nrfx.a(nrfx_gpiote.c.obj)
 .text.pin_is_output.isra.0
                0x0000000000003b74       0x24 modules/hal_nordic/modules/hal_nordic/nrfx/libmodules__hal_nordic__nrfx.a(nrfx_gpiote.c.obj)
 .text.pin_in_use_by_te.isra.0
                0x0000000000003b98       0x24 modules/hal_nordic/modules/hal_nordic/nrfx/libmodules__hal_nordic__nrfx.a(nrfx_gpiote.c.obj)
 .text.irq_handler
                0x0000000000003bbc      0x1d4 modules/hal_nordic/modules/hal_nordic/nrfx/libmodules__hal_nordic__nrfx.a(nrfx_gpiote.c.obj)
 .text.pin_uninit
                0x0000000000003d90       0xa4 modules/hal_nordic/modules/hal_nordic/nrfx/libmodules__hal_nordic__nrfx.a(nrfx_gpiote.c.obj)
 .text.nrfx_gpiote_input_configure
                0x0000000000003e34      0x1d8 modules/hal_nordic/modules/hal_nordic/nrfx/libmodules__hal_nordic__nrfx.a(nrfx_gpiote.c.obj)
                0x0000000000003e34                nrfx_gpiote_input_configure
 .text.nrfx_gpiote_output_configure
                0x000000000000400c      0x128 modules/hal_nordic/modules/hal_nordic/nrfx/libmodules__hal_nordic__nrfx.a(nrfx_gpiote.c.obj)
                0x000000000000400c                nrfx_gpiote_output_configure
 .text.nrfx_gpiote_global_callback_set
                0x0000000000004134       0x1c modules/hal_nordic/modules/hal_nordic/nrfx/libmodules__hal_nordic__nrfx.a(nrfx_gpiote.c.obj)
                0x0000000000004134                nrfx_gpiote_global_callback_set
 .text.nrfx_gpiote_channel_get
                0x0000000000004150       0x3c modules/hal_nordic/modules/hal_nordic/nrfx/libmodules__hal_nordic__nrfx.a(nrfx_gpiote.c.obj)
                0x0000000000004150                nrfx_gpiote_channel_get
 .text.nrfx_gpiote_init
                0x000000000000418c       0x80 modules/hal_nordic/modules/hal_nordic/nrfx/libmodules__hal_nordic__nrfx.a(nrfx_gpiote.c.obj)
                0x000000000000418c                nrfx_gpiote_init
 .text.nrfx_gpiote_init_check
                0x000000000000420c       0x1c modules/hal_nordic/modules/hal_nordic/nrfx/libmodules__hal_nordic__nrfx.a(nrfx_gpiote.c.obj)
                0x000000000000420c                nrfx_gpiote_init_check
 .text.nrfx_gpiote_channel_free
                0x0000000000004228       0x10 modules/hal_nordic/modules/hal_nordic/nrfx/libmodules__hal_nordic__nrfx.a(nrfx_gpiote.c.obj)
                0x0000000000004228                nrfx_gpiote_channel_free
 .text.nrfx_gpiote_channel_alloc
                0x0000000000004238       0x10 modules/hal_nordic/modules/hal_nordic/nrfx/libmodules__hal_nordic__nrfx.a(nrfx_gpiote.c.obj)
                0x0000000000004238                nrfx_gpiote_channel_alloc
 .text.nrfx_gpiote_trigger_enable
                0x0000000000004248       0xb8 modules/hal_nordic/modules/hal_nordic/nrfx/libmodules__hal_nordic__nrfx.a(nrfx_gpiote.c.obj)
                0x0000000000004248                nrfx_gpiote_trigger_enable
 .text.nrfx_gpiote_20_irq_handler
                0x0000000000004300       0x10 modules/hal_nordic/modules/hal_nordic/nrfx/libmodules__hal_nordic__nrfx.a(nrfx_gpiote.c.obj)
                0x0000000000004300                nrfx_gpiote_20_irq_handler
 .text.nrfx_gpiote_30_irq_handler
                0x0000000000004310       0x10 modules/hal_nordic/modules/hal_nordic/nrfx/libmodules__hal_nordic__nrfx.a(nrfx_gpiote.c.obj)
                0x0000000000004310                nrfx_gpiote_30_irq_handler
 .text.cc_channel_prepare
                0x0000000000004320       0x40 modules/hal_nordic/modules/hal_nordic/nrfx/libmodules__hal_nordic__nrfx.a(nrfx_grtc.c.obj)
 .text.sleep_configure
                0x0000000000004360       0x24 modules/hal_nordic/modules/hal_nordic/nrfx/libmodules__hal_nordic__nrfx.a(nrfx_grtc.c.obj)
 .text.syscounter_check
                0x0000000000004384       0x38 modules/hal_nordic/modules/hal_nordic/nrfx/libmodules__hal_nordic__nrfx.a(nrfx_grtc.c.obj)
 .text.nrfx_grtc_syscounter_get
                0x00000000000043bc       0x48 modules/hal_nordic/modules/hal_nordic/nrfx/libmodules__hal_nordic__nrfx.a(nrfx_grtc.c.obj)
                0x00000000000043bc                nrfx_grtc_syscounter_get
 .text.nrfx_grtc_init
                0x0000000000004404      0x120 modules/hal_nordic/modules/hal_nordic/nrfx/libmodules__hal_nordic__nrfx.a(nrfx_grtc.c.obj)
                0x0000000000004404                nrfx_grtc_init
 .text.nrfx_grtc_syscounter_start
                0x0000000000004524       0xc8 modules/hal_nordic/modules/hal_nordic/nrfx/libmodules__hal_nordic__nrfx.a(nrfx_grtc.c.obj)
                0x0000000000004524                nrfx_grtc_syscounter_start
 .text.nrfx_grtc_syscounter_cc_absolute_set
                0x00000000000045ec       0x98 modules/hal_nordic/modules/hal_nordic/nrfx/libmodules__hal_nordic__nrfx.a(nrfx_grtc.c.obj)
                0x00000000000045ec                nrfx_grtc_syscounter_cc_absolute_set
 .text.nrfx_grtc_irq_handler
                0x0000000000004684       0xb0 modules/hal_nordic/modules/hal_nordic/nrfx/libmodules__hal_nordic__nrfx.a(nrfx_grtc.c.obj)
                0x0000000000004684                nrfx_grtc_irq_handler
 .text.__nrfy_internal_rramc_config_set.constprop.0.isra.0
                0x0000000000004734       0x18 modules/hal_nordic/modules/hal_nordic/nrfx/libmodules__hal_nordic__nrfx.a(nrfx_rramc.c.obj)
 .text.k_sys_fatal_error_handler
                0x000000000000474c       0x20 zephyr/kernel/libkernel.a(fatal.c.obj)
                0x000000000000474c                k_sys_fatal_error_handler
 .text.z_fatal_error
                0x000000000000476c       0xe8 zephyr/kernel/libkernel.a(fatal.c.obj)
                0x000000000000476c                z_fatal_error
 .text.z_sys_init_run_level
                0x0000000000004854       0x30 zephyr/kernel/libkernel.a(init.c.obj)
 .text.bg_thread_main
                0x0000000000004884       0xc0 zephyr/kernel/libkernel.a(init.c.obj)
 .text.z_bss_zero
                0x0000000000004944       0x18 zephyr/kernel/libkernel.a(init.c.obj)
                0x0000000000004944                z_bss_zero
 .text.z_init_cpu
                0x000000000000495c       0x68 zephyr/kernel/libkernel.a(init.c.obj)
                0x000000000000495c                z_init_cpu
 .text.z_cstart
                0x00000000000049c4       0xd4 zephyr/kernel/libkernel.a(init.c.obj)
                0x00000000000049c4                z_cstart
 .text.z_impl_k_mutex_lock
                0x0000000000004a98       0xf0 zephyr/kernel/libkernel.a(mutex.c.obj)
                0x0000000000004a98                z_impl_k_mutex_lock
 .text.z_impl_k_mutex_unlock
                0x0000000000004b88       0xa0 zephyr/kernel/libkernel.a(mutex.c.obj)
                0x0000000000004b88                z_impl_k_mutex_unlock
 .text.z_impl_k_sem_give
                0x0000000000004c28       0x68 zephyr/kernel/libkernel.a(sem.c.obj)
                0x0000000000004c28                z_impl_k_sem_give
 .text.z_impl_k_sem_take
                0x0000000000004c90       0x4c zephyr/kernel/libkernel.a(sem.c.obj)
                0x0000000000004c90                z_impl_k_sem_take
 .text.z_setup_new_thread
                0x0000000000004cdc       0x80 zephyr/kernel/libkernel.a(thread.c.obj)
                0x0000000000004cdc                z_setup_new_thread
 .text.z_impl_k_thread_create
                0x0000000000004d5c       0x58 zephyr/kernel/libkernel.a(thread.c.obj)
                0x0000000000004d5c                z_impl_k_thread_create
 .text.z_dummy_thread_init
                0x0000000000004db4       0x18 zephyr/kernel/libkernel.a(thread.c.obj)
                0x0000000000004db4                z_dummy_thread_init
 .text.z_swap_irqlock
                0x0000000000004dcc       0x34 zephyr/kernel/libkernel.a(sched.c.obj)
 .text.ready_thread
                0x0000000000004e00       0x84 zephyr/kernel/libkernel.a(sched.c.obj)
 .text.unready_thread
                0x0000000000004e84       0x54 zephyr/kernel/libkernel.a(sched.c.obj)
 .text.add_thread_timeout
                0x0000000000004ed8       0x1c zephyr/kernel/libkernel.a(sched.c.obj)
 .text.move_thread_to_end_of_prio_q
                0x0000000000004ef4       0x90 zephyr/kernel/libkernel.a(sched.c.obj)
                0x0000000000004ef4                move_thread_to_end_of_prio_q
 .text.z_pend_curr
                0x0000000000004f84       0x44 zephyr/kernel/libkernel.a(sched.c.obj)
                0x0000000000004f84                z_pend_curr
 .text.z_thread_prio_set
                0x0000000000004fc8       0xe4 zephyr/kernel/libkernel.a(sched.c.obj)
                0x0000000000004fc8                z_thread_prio_set
 .text.z_reschedule
                0x00000000000050ac       0x24 zephyr/kernel/libkernel.a(sched.c.obj)
                0x00000000000050ac                z_reschedule
 .text.z_reschedule_irqlock
                0x00000000000050d0       0x28 zephyr/kernel/libkernel.a(sched.c.obj)
                0x00000000000050d0                z_reschedule_irqlock
 .text.k_sched_lock
                0x00000000000050f8       0x28 zephyr/kernel/libkernel.a(sched.c.obj)
                0x00000000000050f8                k_sched_lock
 .text.k_sched_unlock
                0x0000000000005120       0x68 zephyr/kernel/libkernel.a(sched.c.obj)
                0x0000000000005120                k_sched_unlock
 .text.z_sched_init
                0x0000000000005188       0x10 zephyr/kernel/libkernel.a(sched.c.obj)
                0x0000000000005188                z_sched_init
 .text.z_impl_k_yield
                0x0000000000005198       0x88 zephyr/kernel/libkernel.a(sched.c.obj)
                0x0000000000005198                z_impl_k_yield
 .text.z_tick_sleep
                0x0000000000005220       0x78 zephyr/kernel/libkernel.a(sched.c.obj)
 .text.z_impl_k_sleep
                0x0000000000005298       0x5c zephyr/kernel/libkernel.a(sched.c.obj)
                0x0000000000005298                z_impl_k_sleep
 .text.z_impl_k_wakeup
                0x00000000000052f4       0x48 zephyr/kernel/libkernel.a(sched.c.obj)
                0x00000000000052f4                z_impl_k_wakeup
 .text.z_impl_k_sched_current_thread_query
                0x000000000000533c        0xc zephyr/kernel/libkernel.a(sched.c.obj)
                0x000000000000533c                z_impl_k_sched_current_thread_query
 .text.z_thread_abort
                0x0000000000005348      0x138 zephyr/kernel/libkernel.a(sched.c.obj)
                0x0000000000005348                z_thread_abort
 .text.slice_timeout
                0x0000000000005480       0x20 zephyr/kernel/libkernel.a(timeslicing.c.obj)
 .text.thread_is_sliceable
                0x00000000000054a0       0x3c zephyr/kernel/libkernel.a(timeslicing.c.obj)
                0x00000000000054a0                thread_is_sliceable
 .text.z_reset_time_slice
                0x00000000000054dc       0x50 zephyr/kernel/libkernel.a(timeslicing.c.obj)
                0x00000000000054dc                z_reset_time_slice
 .text.z_time_slice
                0x000000000000552c       0x60 zephyr/kernel/libkernel.a(timeslicing.c.obj)
                0x000000000000552c                z_time_slice
 .text.z_data_copy
                0x000000000000558c       0x38 zephyr/kernel/libkernel.a(xip.c.obj)
                0x000000000000558c                z_data_copy
 .text.first    0x00000000000055c4       0x10 zephyr/kernel/libkernel.a(timeout.c.obj)
 .text.elapsed  0x00000000000055d4       0x14 zephyr/kernel/libkernel.a(timeout.c.obj)
 .text.remove_timeout
                0x00000000000055e8       0x38 zephyr/kernel/libkernel.a(timeout.c.obj)
 .text.z_add_timeout
                0x0000000000005620      0x124 zephyr/kernel/libkernel.a(timeout.c.obj)
                0x0000000000005620                z_add_timeout
 .text.sys_clock_announce
                0x0000000000005744       0xbc zephyr/kernel/libkernel.a(timeout.c.obj)
                0x0000000000005744                sys_clock_announce
 .text.sys_clock_tick_get
                0x0000000000005800       0x30 zephyr/kernel/libkernel.a(timeout.c.obj)
                0x0000000000005800                sys_clock_tick_get
 .text.z_timer_expiration_handler
                0x0000000000005830       0xe0 zephyr/kernel/libkernel.a(timer.c.obj)
                0x0000000000005830                z_timer_expiration_handler
 .text.z_impl_k_timer_start
                0x0000000000005910       0x74 zephyr/kernel/libkernel.a(timer.c.obj)
                0x0000000000005910                z_impl_k_timer_start
 .text.psa_get_initialized
                0x0000000000005984       0x4c modules/nrf/subsys/nrf_security/src/core/nrf_oberon/libpsa_core.a(psa_crypto.c.obj)
 .text.mbedtls_psa_crypto_free
                0x00000000000059d0       0x90 modules/nrf/subsys/nrf_security/src/core/nrf_oberon/libpsa_core.a(psa_crypto.c.obj)
                0x00000000000059d0                mbedtls_psa_crypto_free
 .text.psa_crypto_init
                0x0000000000005a60      0x104 modules/nrf/subsys/nrf_security/src/core/nrf_oberon/libpsa_core.a(psa_crypto.c.obj)
                0x0000000000005a60                psa_crypto_init
 .text.psa_initialize_key_slots
                0x0000000000005b64       0x10 modules/nrf/subsys/nrf_security/src/core/nrf_oberon/libpsa_core.a(psa_crypto_slot_management.c.obj)
                0x0000000000005b64                psa_initialize_key_slots
 .text.psa_wipe_all_key_slots
                0x0000000000005b74       0x34 modules/nrf/subsys/nrf_security/src/core/nrf_oberon/libpsa_core.a(psa_crypto_slot_management.c.obj)
                0x0000000000005b74                psa_wipe_all_key_slots
 .text.mbedtls_free
                0x0000000000005ba8        0xc modules/nrf/subsys/nrf_security/src/core/nrf_oberon/libpsa_core.a(platform.c.obj)
                0x0000000000005ba8                mbedtls_free
 .text.mbedtls_platform_zeroize
                0x0000000000005bb4       0x18 modules/nrf/subsys/nrf_security/src/core/nrf_oberon/libpsa_core.a(platform_util.c.obj)
                0x0000000000005bb4                mbedtls_platform_zeroize
 .text.cracen_acquire
                0x0000000000005bcc       0x40 modules/nrf/subsys/nrf_security/src/drivers/cracen/libcracen_psa_driver.a(cracen.c.obj)
                0x0000000000005bcc                cracen_acquire
 .text.cracen_release
                0x0000000000005c0c       0x6c modules/nrf/subsys/nrf_security/src/drivers/cracen/libcracen_psa_driver.a(cracen.c.obj)
                0x0000000000005c0c                cracen_release
 .text.cracen_init
                0x0000000000005c78       0x5c modules/nrf/subsys/nrf_security/src/drivers/cracen/libcracen_psa_driver.a(cracen.c.obj)
                0x0000000000005c78                cracen_init
 .text.lib_kmu_clear_all_events
                0x0000000000005cd4       0x24 modules/nrf/subsys/nrf_security/src/drivers/cracen/libcracen_psa_driver.a(lib_kmu.c.obj)
                0x0000000000005cd4                lib_kmu_clear_all_events
 .text.trigger_task_and_wait_for_event_or_error
                0x0000000000005cf8       0x54 modules/nrf/subsys/nrf_security/src/drivers/cracen/libcracen_psa_driver.a(lib_kmu.c.obj)
 .text.lib_kmu_provision_slot
                0x0000000000005d4c       0x3c modules/nrf/subsys/nrf_security/src/drivers/cracen/libcracen_psa_driver.a(lib_kmu.c.obj)
                0x0000000000005d4c                lib_kmu_provision_slot
 .text.lib_kmu_revoke_slot
                0x0000000000005d88       0x34 modules/nrf/subsys/nrf_security/src/drivers/cracen/libcracen_psa_driver.a(lib_kmu.c.obj)
                0x0000000000005d88                lib_kmu_revoke_slot
 .text.lib_kmu_read_metadata
                0x0000000000005dbc       0x30 modules/nrf/subsys/nrf_security/src/drivers/cracen/libcracen_psa_driver.a(lib_kmu.c.obj)
                0x0000000000005dbc                lib_kmu_read_metadata
 .text.cracen_kmu_provision
                0x0000000000005dec      0x250 modules/nrf/subsys/nrf_security/src/drivers/cracen/libcracen_psa_driver.a(kmu.c.obj)
                0x0000000000005dec                cracen_kmu_provision
 .text.cracen_provision_prot_ram_inv_data
                0x000000000000603c       0x7c modules/nrf/subsys/nrf_security/src/drivers/cracen/libcracen_psa_driver.a(kmu.c.obj)
                0x000000000000603c                cracen_provision_prot_ram_inv_data
 .text.sx_hw_reserve
                0x00000000000060b8       0x54 modules/nrf/subsys/nrf_security/src/drivers/cracen/libcracen_psa_driver.a(cmdma_hw.c.obj)
                0x00000000000060b8                sx_hw_reserve
 .text.sx_cmdma_release_hw
                0x000000000000610c       0x30 modules/nrf/subsys/nrf_security/src/drivers/cracen/libcracen_psa_driver.a(cmdma_hw.c.obj)
                0x000000000000610c                sx_cmdma_release_hw
 .text.cracen_isr_handler
                0x000000000000613c       0x68 modules/nrf/subsys/nrf_security/src/drivers/cracen/libcracen_psa_driver.a(interrupts.c.obj)
                0x000000000000613c                cracen_isr_handler
 .text.cracen_interrupts_init
                0x00000000000061a4       0x28 modules/nrf/subsys/nrf_security/src/drivers/cracen/libcracen_psa_driver.a(interrupts.c.obj)
                0x00000000000061a4                cracen_interrupts_init
 .text.cracen_wait_for_cm_interrupt
                0x00000000000061cc       0x30 modules/nrf/subsys/nrf_security/src/drivers/cracen/libcracen_psa_driver.a(interrupts.c.obj)
                0x00000000000061cc                cracen_wait_for_cm_interrupt
 .text.sx_pk_fetch_capabilities
                0x00000000000061fc       0x24 modules/nrf/subsys/nrf_security/src/drivers/cracen/libcracen_psa_driver.a(pk_baremetal.c.obj)
                0x00000000000061fc                sx_pk_fetch_capabilities
 .text.sx_pk_init
                0x0000000000006220       0x3c modules/nrf/subsys/nrf_security/src/drivers/cracen/libcracen_psa_driver.a(pk_baremetal.c.obj)
                0x0000000000006220                sx_pk_init
 .text.sx_get_current_req
                0x000000000000625c        0x8 modules/nrf/subsys/nrf_security/src/drivers/cracen/libcracen_psa_driver.a(pk_baremetal.c.obj)
                0x000000000000625c                sx_get_current_req
 .text.ctr_drbg_update
                0x0000000000006264       0x9c modules/nrf/subsys/nrf_security/src/drivers/cracen/libcracen_psa_driver.a(ctr_drbg.c.obj)
 .text.cracen_init_random
                0x0000000000006300       0x70 modules/nrf/subsys/nrf_security/src/drivers/cracen/libcracen_psa_driver.a(ctr_drbg.c.obj)
                0x0000000000006300                cracen_init_random
 .text.cracen_get_random
                0x0000000000006370      0x110 modules/nrf/subsys/nrf_security/src/drivers/cracen/libcracen_psa_driver.a(ctr_drbg.c.obj)
                0x0000000000006370                cracen_get_random
 .text.sx_blkcipher_ecb_simple
                0x0000000000006480       0xa4 modules/nrf/subsys/nrf_security/src/drivers/cracen/libcracen_psa_driver.a(blkcipher.c.obj)
                0x0000000000006480                sx_blkcipher_ecb_simple
 .text.sx_trng_flush
                0x0000000000006524       0x30 modules/nrf/subsys/nrf_security/src/drivers/cracen/libcracen_psa_driver.a(trng.c.obj)
 .text.sx_trng_restart
                0x0000000000006554       0x28 modules/nrf/subsys/nrf_security/src/drivers/cracen/libcracen_psa_driver.a(trng.c.obj)
                0x0000000000006554                sx_trng_restart
 .text.sx_trng_open
                0x000000000000657c       0xa4 modules/nrf/subsys/nrf_security/src/drivers/cracen/libcracen_psa_driver.a(trng.c.obj)
                0x000000000000657c                sx_trng_open
 .text.sx_trng_get
                0x0000000000006620       0xd4 modules/nrf/subsys/nrf_security/src/drivers/cracen/libcracen_psa_driver.a(trng.c.obj)
                0x0000000000006620                sx_trng_get
 .text.k_event_post_internal
                0x00000000000066f4       0x5c zephyr/kernel/libkernel.a(events.c.obj)
 .text.snprintf
                0x0000000000006750       0x58 /opt/ncs/toolchains/f9c66dfcaf/opt/zephyr-sdk/arm-zephyr-eabi/bin/../lib/gcc/../../picolibc/arm-zephyr-eabi/lib/thumb/v8-m.main/nofp/libc.a(libc_tinystdio_snprintf.c.o)
                0x0000000000006750                snprintf
 .text.__l_vfprintf
                0x00000000000067a8      0x4b4 /opt/ncs/toolchains/f9c66dfcaf/opt/zephyr-sdk/arm-zephyr-eabi/bin/../lib/gcc/../../picolibc/arm-zephyr-eabi/lib/thumb/v8-m.main/nofp/libc.a(libc_tinystdio_vflprintf.c.o)
                0x00000000000067a8                __l_vfprintf
 .text._OffsetAbsSyms
                0x0000000000006c5c        0x2 zephyr/CMakeFiles/offsets.dir/./arch/arm/core/offsets/offsets.c.obj
                0x0000000000006c5c                _OffsetAbsSyms
 .text.chunk_field
                0x0000000000006c5e       0x16 zephyr/libzephyr.a(heap.c.obj)
 .text.chunk_set
                0x0000000000006c74       0x16 zephyr/libzephyr.a(heap.c.obj)
 .text.chunk_size
                0x0000000000006c8a        0xc zephyr/libzephyr.a(heap.c.obj)
 .text.set_chunk_used
                0x0000000000006c96       0x30 zephyr/libzephyr.a(heap.c.obj)
 .text.set_chunk_size
                0x0000000000006cc6        0x8 zephyr/libzephyr.a(heap.c.obj)
 .text.bucket_idx.isra.0
                0x0000000000006cce       0x1c zephyr/libzephyr.a(heap.c.obj)
 .text.free_list_add
                0x0000000000006cea       0x84 zephyr/libzephyr.a(heap.c.obj)
 .text.sys_heap_init
                0x0000000000006d6e       0xb0 zephyr/libzephyr.a(heap.c.obj)
                0x0000000000006d6e                sys_heap_init
 .text.cbpprintf_external
                0x0000000000006e1e       0x62 zephyr/libzephyr.a(cbprintf_packaged.c.obj)
                0x0000000000006e1e                cbpprintf_external
 .text.is_ptr   0x0000000000006e80       0x4a zephyr/libzephyr.a(cbprintf_packaged.c.obj)
                0x0000000000006e80                is_ptr
 .text.arch_printk_char_out
                0x0000000000006eca        0x4 zephyr/libzephyr.a(printk.c.obj)
                0x0000000000006eca                arch_printk_char_out
 .text.printk   0x0000000000006ece       0x1a zephyr/libzephyr.a(printk.c.obj)
                0x0000000000006ece                printk
 .text.free_space
                0x0000000000006ee8       0x26 zephyr/libzephyr.a(mpsc_pbuf.c.obj)
 .text.get_usage
                0x0000000000006f0e       0x22 zephyr/libzephyr.a(mpsc_pbuf.c.obj)
 .text.idx_inc  0x0000000000006f30       0x1c zephyr/libzephyr.a(mpsc_pbuf.c.obj)
 .text.rd_idx_inc
                0x0000000000006f4c       0x18 zephyr/libzephyr.a(mpsc_pbuf.c.obj)
 .text.add_skip_item
                0x0000000000006f64       0x3e zephyr/libzephyr.a(mpsc_pbuf.c.obj)
 .text.drop_item_locked
                0x0000000000006fa2      0x100 zephyr/libzephyr.a(mpsc_pbuf.c.obj)
 .text.post_drop_action
                0x00000000000070a2       0x36 zephyr/libzephyr.a(mpsc_pbuf.c.obj)
 .text.max_utilization_update
                0x00000000000070d8       0x1a zephyr/libzephyr.a(mpsc_pbuf.c.obj)
 .text.mpsc_pbuf_init
                0x00000000000070f2       0x42 zephyr/libzephyr.a(mpsc_pbuf.c.obj)
                0x00000000000070f2                mpsc_pbuf_init
 .text.mpsc_pbuf_alloc
                0x0000000000007134       0xfe zephyr/libzephyr.a(mpsc_pbuf.c.obj)
                0x0000000000007134                mpsc_pbuf_alloc
 .text.mpsc_pbuf_commit
                0x0000000000007232       0x3e zephyr/libzephyr.a(mpsc_pbuf.c.obj)
                0x0000000000007232                mpsc_pbuf_commit
 .text.mpsc_pbuf_claim
                0x0000000000007270       0xa8 zephyr/libzephyr.a(mpsc_pbuf.c.obj)
                0x0000000000007270                mpsc_pbuf_claim
 .text.mpsc_pbuf_free
                0x0000000000007318       0x76 zephyr/libzephyr.a(mpsc_pbuf.c.obj)
                0x0000000000007318                mpsc_pbuf_free
 .text.mpsc_pbuf_is_pending
                0x000000000000738e       0x32 zephyr/libzephyr.a(mpsc_pbuf.c.obj)
                0x000000000000738e                mpsc_pbuf_is_pending
 .text.process_recheck
                0x00000000000073c0       0x38 zephyr/libzephyr.a(onoff.c.obj)
 .text.validate_args
                0x00000000000073f8       0x20 zephyr/libzephyr.a(onoff.c.obj)
 .text.notify_one
                0x0000000000007418       0x2c zephyr/libzephyr.a(onoff.c.obj)
 .text.transition_complete
                0x0000000000007444       0x1a zephyr/libzephyr.a(onoff.c.obj)
 .text.onoff_manager_init
                0x000000000000745e       0x26 zephyr/libzephyr.a(onoff.c.obj)
                0x000000000000745e                onoff_manager_init
 .text.onoff_request
                0x0000000000007484       0xae zephyr/libzephyr.a(onoff.c.obj)
                0x0000000000007484                onoff_request
 .text.sys_notify_validate
                0x0000000000007532       0x22 zephyr/libzephyr.a(notify.c.obj)
                0x0000000000007532                sys_notify_validate
 .text.sys_notify_finalize
                0x0000000000007554       0x1a zephyr/libzephyr.a(notify.c.obj)
                0x0000000000007554                sys_notify_finalize
 .text._ConfigAbsSyms
                0x000000000000756e        0x2 zephyr/libzephyr.a(configs.c.obj)
                0x000000000000756e                _ConfigAbsSyms
 .text.log_msg_generic_get_wlen
                0x0000000000007570       0x20 zephyr/libzephyr.a(log_core.c.obj)
 .text.dummy_timestamp
                0x0000000000007590        0x4 zephyr/libzephyr.a(log_core.c.obj)
 .text.default_get_timestamp
                0x0000000000007594        0x4 zephyr/libzephyr.a(log_core.c.obj)
 .text.atomic_inc
                0x0000000000007598       0x12 zephyr/libzephyr.a(log_core.c.obj)
 .text.z_log_vprintk
                0x00000000000075aa       0x1c zephyr/libzephyr.a(log_core.c.obj)
                0x00000000000075aa                z_log_vprintk
 .text.z_log_notify_drop
                0x00000000000075c6        0x6 zephyr/libzephyr.a(log_core.c.obj)
 .text.z_log_get_tag
                0x00000000000075cc        0x4 zephyr/libzephyr.a(log_core.c.obj)
                0x00000000000075cc                z_log_get_tag
 .text.log_backend_enable
                0x00000000000075d0       0x12 zephyr/libzephyr.a(log_mgmt.c.obj)
                0x00000000000075d0                log_backend_enable
 .text.z_cbprintf_cpy
                0x00000000000075e2       0x2c zephyr/libzephyr.a(log_msg.c.obj)
 .text.z_log_msg_finalize
                0x000000000000760e       0x32 zephyr/libzephyr.a(log_msg.c.obj)
                0x000000000000760e                z_log_msg_finalize
 .text.z_log_msg_simple_create
                0x0000000000007640       0x6e zephyr/libzephyr.a(log_msg.c.obj)
 .text.z_impl_z_log_msg_simple_create_0
                0x00000000000076ae       0x12 zephyr/libzephyr.a(log_msg.c.obj)
                0x00000000000076ae                z_impl_z_log_msg_simple_create_0
 .text.z_impl_z_log_msg_simple_create_1
                0x00000000000076c0       0x14 zephyr/libzephyr.a(log_msg.c.obj)
                0x00000000000076c0                z_impl_z_log_msg_simple_create_1
 .text.log_output_write
                0x00000000000076d4       0x1c zephyr/libzephyr.a(log_output.c.obj)
 .text.log_output_flush
                0x00000000000076f0       0x1a zephyr/libzephyr.a(log_output.c.obj)
 .text.out_func
                0x000000000000770a       0x2e zephyr/libzephyr.a(log_output.c.obj)
 .text.cr_out_func
                0x0000000000007738       0x1c zephyr/libzephyr.a(log_output.c.obj)
 .text.log_output_msg_process
                0x0000000000007754       0x6a zephyr/libzephyr.a(log_output.c.obj)
                0x0000000000007754                log_output_msg_process
 .text.format_set
                0x00000000000077be        0xc zephyr/libzephyr.a(log_backend_uart.c.obj)
 .text.log_backend_uart_init
                0x00000000000077ca        0xc zephyr/libzephyr.a(log_backend_uart.c.obj)
 .text.panic    0x00000000000077d6       0x32 zephyr/libzephyr.a(log_backend_uart.c.obj)
 .text.dropped  0x0000000000007808        0xa zephyr/libzephyr.a(log_backend_uart.c.obj)
 .text.process  0x0000000000007812       0x1e zephyr/libzephyr.a(log_backend_uart.c.obj)
 .text.z_do_kernel_oops
                0x0000000000007830        0x8 zephyr/arch/arch/arm/core/libarch__arm__core.a(fatal.c.obj)
                0x0000000000007830                z_do_kernel_oops
 .text.z_arm_nmi
                0x0000000000007838        0xe zephyr/arch/arch/arm/core/libarch__arm__core.a(nmi.c.obj)
                0x0000000000007838                z_arm_nmi
 .text.z_log_msg_simple_create_0.constprop.0
                0x0000000000007846        0x8 zephyr/arch/arch/arm/core/cortex_m/libarch__arm__core__cortex_m.a(fault.c.obj)
 .text.z_irq_spurious
                0x000000000000784e        0x8 zephyr/arch/arch/arm/core/cortex_m/libarch__arm__core__cortex_m.a(irq_manage.c.obj)
                0x000000000000784e                z_irq_spurious
 .text.configure_builtin_stack_guard
                0x0000000000007856        0x8 zephyr/arch/arch/arm/core/cortex_m/libarch__arm__core__cortex_m.a(thread.c.obj)
                0x0000000000007856                configure_builtin_stack_guard
 .text.arch_irq_unlock_outlined
                0x000000000000785e        0xe zephyr/arch/arch/arm/core/cortex_m/libarch__arm__core__cortex_m.a(thread.c.obj)
                0x000000000000785e                arch_irq_unlock_outlined
 .text.arch_cpu_idle
                0x000000000000786c       0x1a zephyr/arch/arch/arm/core/cortex_m/libarch__arm__core__cortex_m.a(cpu_idle.c.obj)
                0x000000000000786c                arch_cpu_idle
 .text.arch_cpu_atomic_idle
                0x0000000000007886       0x1e zephyr/arch/arch/arm/core/cortex_m/libarch__arm__core__cortex_m.a(cpu_idle.c.obj)
                0x0000000000007886                arch_cpu_atomic_idle
 .text.arm_cmse_mpu_region_get
                0x00000000000078a4       0x12 zephyr/arch/arch/arm/core/cortex_m/cmse/libarch__arm__core__cortex_m__cmse.a(arm_core_cmse.c.obj)
                0x00000000000078a4                arm_cmse_mpu_region_get
 .text.mpu_configure_region
                0x00000000000078b6       0x32 zephyr/arch/arch/arm/core/mpu/libarch__arm__core__mpu.a(arm_mpu.c.obj)
 .text.cbputc   0x00000000000078e8        0xc zephyr/lib/libc/picolibc/liblib__libc__picolibc.a(cbprintf.c.obj)
 .text.picolibc_put
                0x00000000000078f4        0xa zephyr/lib/libc/picolibc/liblib__libc__picolibc.a(stdio.c.obj)
 .text.get_status
                0x00000000000078fe       0x12 zephyr/drivers/clock_control/libdrivers__clock_control.a(clock_control_nrf.c.obj)
 .text.stop     0x0000000000007910       0x50 zephyr/drivers/clock_control/libdrivers__clock_control.a(clock_control_nrf.c.obj)
 .text.api_stop
                0x0000000000007960        0x6 zephyr/drivers/clock_control/libdrivers__clock_control.a(clock_control_nrf.c.obj)
 .text.async_start
                0x0000000000007966       0x5a zephyr/drivers/clock_control/libdrivers__clock_control.a(clock_control_nrf.c.obj)
 .text.api_start
                0x00000000000079c0        0xe zephyr/drivers/clock_control/libdrivers__clock_control.a(clock_control_nrf.c.obj)
 .text.onoff_started_callback
                0x00000000000079ce       0x12 zephyr/drivers/clock_control/libdrivers__clock_control.a(clock_control_nrf.c.obj)
 .text.lfclk_start
                0x00000000000079e0        0x6 zephyr/drivers/clock_control/libdrivers__clock_control.a(clock_control_nrf.c.obj)
 .text.lfclk_stop
                0x00000000000079e6        0x6 zephyr/drivers/clock_control/libdrivers__clock_control.a(clock_control_nrf.c.obj)
 .text.blocking_start_callback
                0x00000000000079ec        0x6 zephyr/drivers/clock_control/libdrivers__clock_control.a(clock_control_nrf.c.obj)
 .text.clock_event_handler
                0x00000000000079f2       0x14 zephyr/drivers/clock_control/libdrivers__clock_control.a(clock_control_nrf.c.obj)
 .text.gpio_nrfx_port_get_raw
                0x0000000000007a06        0xc zephyr/drivers/gpio/libdrivers__gpio.a(gpio_nrfx.c.obj)
 .text.gpio_nrfx_port_set_masked_raw
                0x0000000000007a12       0x14 zephyr/drivers/gpio/libdrivers__gpio.a(gpio_nrfx.c.obj)
 .text.gpio_nrfx_port_set_bits_raw
                0x0000000000007a26        0xa zephyr/drivers/gpio/libdrivers__gpio.a(gpio_nrfx.c.obj)
 .text.gpio_nrfx_port_clear_bits_raw
                0x0000000000007a30        0xa zephyr/drivers/gpio/libdrivers__gpio.a(gpio_nrfx.c.obj)
 .text.gpio_nrfx_port_toggle_bits
                0x0000000000007a3a       0x14 zephyr/drivers/gpio/libdrivers__gpio.a(gpio_nrfx.c.obj)
 .text.gpio_nrfx_manage_callback
                0x0000000000007a4e       0x52 zephyr/drivers/gpio/libdrivers__gpio.a(gpio_nrfx.c.obj)
 .text.pinctrl_lookup_state
                0x0000000000007aa0       0x26 zephyr/drivers/pinctrl/libdrivers__pinctrl.a(common.c.obj)
                0x0000000000007aa0                pinctrl_lookup_state
 .text.uarte_nrfx_isr_int
                0x0000000000007ac6        0xa zephyr/drivers/serial/libdrivers__serial.a(uart_nrfx_uarte.c.obj)
 .text.uarte_nrfx_err_check
                0x0000000000007ad0        0xe zephyr/drivers/serial/libdrivers__serial.a(uart_nrfx_uarte.c.obj)
 .text.uarte_nrfx_poll_in
                0x0000000000007ade       0x26 zephyr/drivers/serial/libdrivers__serial.a(uart_nrfx_uarte.c.obj)
 .text.pinctrl_apply_state.isra.0
                0x0000000000007b04       0x1e zephyr/drivers/serial/libdrivers__serial.a(uart_nrfx_uarte.c.obj)
 .text.counter  0x0000000000007b22       0x12 zephyr/drivers/timer/libdrivers__timer.a(nrf_grtc_timer.c.obj)
 .text.sys_clock_cycle_get_32
                0x0000000000007b34       0x1e zephyr/drivers/timer/libdrivers__timer.a(nrf_grtc_timer.c.obj)
                0x0000000000007b34                sys_clock_cycle_get_32
 .text._psa_crypto_init
                0x0000000000007b52       0x1e modules/nrf/subsys/nrf_security/src/zephyr/libmbedtls_zephyr.a(psa_crypto_init.c.obj)
 .text.nrfx_isr
                0x0000000000007b70        0x2 modules/hal_nordic/modules/hal_nordic/nrfx/libmodules__hal_nordic__nrfx.a(nrfx_glue.c.obj)
                0x0000000000007b70                nrfx_isr
 .text.nrfx_busy_wait
                0x0000000000007b72        0x4 modules/hal_nordic/modules/hal_nordic/nrfx/libmodules__hal_nordic__nrfx.a(nrfx_glue.c.obj)
                0x0000000000007b72                nrfx_busy_wait
 .text.nrfx_clock_stop
                0x0000000000007b76        0x4 modules/hal_nordic/modules/hal_nordic/nrfx/libmodules__hal_nordic__nrfx.a(nrfx_clock.c.obj)
                0x0000000000007b76                nrfx_clock_stop
 .text.nrf_gpio_reconfigure
                0x0000000000007b7a       0x92 modules/hal_nordic/modules/hal_nordic/nrfx/libmodules__hal_nordic__nrfx.a(nrfx_gpiote.c.obj)
 .text.nrf_gpio_cfg_sense_set
                0x0000000000007c0c       0x1e modules/hal_nordic/modules/hal_nordic/nrfx/libmodules__hal_nordic__nrfx.a(nrfx_gpiote.c.obj)
 .text.call_handler
                0x0000000000007c2a       0x3e modules/hal_nordic/modules/hal_nordic/nrfx/libmodules__hal_nordic__nrfx.a(nrfx_gpiote.c.obj)
 .text.__nrfy_internal_gpiote_events_process
                0x0000000000007c68       0x4e modules/hal_nordic/modules/hal_nordic/nrfx/libmodules__hal_nordic__nrfx.a(nrfx_gpiote.c.obj)
 .text.pin_trigger_disable
                0x0000000000007cb6       0x4a modules/hal_nordic/modules/hal_nordic/nrfx/libmodules__hal_nordic__nrfx.a(nrfx_gpiote.c.obj)
 .text.nrfx_gpiote_pin_uninit
                0x0000000000007d00        0x4 modules/hal_nordic/modules/hal_nordic/nrfx/libmodules__hal_nordic__nrfx.a(nrfx_gpiote.c.obj)
                0x0000000000007d00                nrfx_gpiote_pin_uninit
 .text.nrfx_gpiote_trigger_disable
                0x0000000000007d04        0x4 modules/hal_nordic/modules/hal_nordic/nrfx/libmodules__hal_nordic__nrfx.a(nrfx_gpiote.c.obj)
                0x0000000000007d04                nrfx_gpiote_trigger_disable
 .text.nrfx_rramc_write_enable_set
                0x0000000000007d08        0x6 modules/hal_nordic/modules/hal_nordic/nrfx/libmodules__hal_nordic__nrfx.a(nrfx_rramc.c.obj)
                0x0000000000007d08                nrfx_rramc_write_enable_set
 .text.z_impl_k_busy_wait
                0x0000000000007d0e        0x8 zephyr/kernel/libkernel.a(busy_wait.c.obj)
                0x0000000000007d0e                z_impl_k_busy_wait
 .text.z_device_state_init
                0x0000000000007d16        0x2 zephyr/kernel/libkernel.a(device.c.obj)
                0x0000000000007d16                z_device_state_init
 .text.z_impl_device_is_ready
                0x0000000000007d18       0x16 zephyr/kernel/libkernel.a(device.c.obj)
                0x0000000000007d18                z_impl_device_is_ready
 .text.arch_system_halt
                0x0000000000007d2e       0x10 zephyr/kernel/libkernel.a(fatal.c.obj)
                0x0000000000007d2e                arch_system_halt
 .text.do_device_init
                0x0000000000007d3e       0x2e zephyr/kernel/libkernel.a(init.c.obj)
 .text.z_early_memset
                0x0000000000007d6c        0x4 zephyr/kernel/libkernel.a(init.c.obj)
                0x0000000000007d6c                z_early_memset
 .text.z_early_memcpy
                0x0000000000007d70        0x4 zephyr/kernel/libkernel.a(init.c.obj)
                0x0000000000007d70                z_early_memcpy
 .text.idle     0x0000000000007d74       0x16 zephyr/kernel/libkernel.a(idle.c.obj)
                0x0000000000007d74                idle
 .text.adjust_owner_prio.isra.0
                0x0000000000007d8a       0x10 zephyr/kernel/libkernel.a(mutex.c.obj)
 .text.z_impl_k_sem_init
                0x0000000000007d9a       0x18 zephyr/kernel/libkernel.a(sem.c.obj)
                0x0000000000007d9a                z_impl_k_sem_init
 .text.k_is_in_isr
                0x0000000000007db2        0xc zephyr/kernel/libkernel.a(thread.c.obj)
                0x0000000000007db2                k_is_in_isr
 .text.z_impl_k_thread_name_set
                0x0000000000007dbe        0x6 zephyr/kernel/libkernel.a(thread.c.obj)
                0x0000000000007dbe                z_impl_k_thread_name_set
 .text.k_thread_name_get
                0x0000000000007dc4        0x4 zephyr/kernel/libkernel.a(thread.c.obj)
                0x0000000000007dc4                k_thread_name_get
 .text.sys_dlist_remove
                0x0000000000007dc8       0x10 zephyr/kernel/libkernel.a(sched.c.obj)
 .text.unpend_thread_no_timeout
                0x0000000000007dd8       0x14 zephyr/kernel/libkernel.a(sched.c.obj)
 .text.add_to_waitq_locked
                0x0000000000007dec       0x50 zephyr/kernel/libkernel.a(sched.c.obj)
 .text.z_ready_thread
                0x0000000000007e3c       0x1e zephyr/kernel/libkernel.a(sched.c.obj)
                0x0000000000007e3c                z_ready_thread
 .text.z_unpend_thread_no_timeout
                0x0000000000007e5a       0x22 zephyr/kernel/libkernel.a(sched.c.obj)
                0x0000000000007e5a                z_unpend_thread_no_timeout
 .text.z_sched_wake_thread
                0x0000000000007e7c       0x46 zephyr/kernel/libkernel.a(sched.c.obj)
                0x0000000000007e7c                z_sched_wake_thread
 .text.z_thread_timeout
                0x0000000000007ec2        0x8 zephyr/kernel/libkernel.a(sched.c.obj)
                0x0000000000007ec2                z_thread_timeout
 .text.z_unpend1_no_timeout
                0x0000000000007eca       0x2c zephyr/kernel/libkernel.a(sched.c.obj)
                0x0000000000007eca                z_unpend1_no_timeout
 .text.z_sched_waitq_walk
                0x0000000000007ef6       0x44 zephyr/kernel/libkernel.a(sched.c.obj)
                0x0000000000007ef6                z_sched_waitq_walk
 .text.next_timeout
                0x0000000000007f3a       0x2e zephyr/kernel/libkernel.a(timeout.c.obj)
 .text.z_abort_timeout
                0x0000000000007f68       0x50 zephyr/kernel/libkernel.a(timeout.c.obj)
                0x0000000000007f68                z_abort_timeout
 .text.sys_clock_tick_get_32
                0x0000000000007fb8        0x8 zephyr/kernel/libkernel.a(timeout.c.obj)
                0x0000000000007fb8                sys_clock_tick_get_32
 .text.z_impl_k_uptime_ticks
                0x0000000000007fc0        0x4 zephyr/kernel/libkernel.a(timeout.c.obj)
                0x0000000000007fc0                z_impl_k_uptime_ticks
 .text.k_timer_init
                0x0000000000007fc4       0x18 zephyr/kernel/libkernel.a(timer.c.obj)
                0x0000000000007fc4                k_timer_init
 .text.z_impl_k_timer_stop
                0x0000000000007fdc       0x38 zephyr/kernel/libkernel.a(timer.c.obj)
                0x0000000000007fdc                z_impl_k_timer_stop
 .text.psa_remove_key_data_from_memory
                0x0000000000008014       0x16 modules/nrf/subsys/nrf_security/src/core/nrf_oberon/libpsa_core.a(psa_crypto.c.obj)
                0x0000000000008014                psa_remove_key_data_from_memory
 .text.psa_wipe_key_slot
                0x000000000000802a       0x3a modules/nrf/subsys/nrf_security/src/core/nrf_oberon/libpsa_core.a(psa_crypto.c.obj)
                0x000000000000802a                psa_wipe_key_slot
 .text.psa_driver_wrapper_init
                0x0000000000008064        0x4 modules/nrf/subsys/nrf_security/src/core/nrf_oberon/libpsa_core.a(psa_crypto_driver_wrappers.c.obj)
                0x0000000000008064                psa_driver_wrapper_init
 .text.psa_driver_wrapper_free
                0x0000000000008068        0x2 modules/nrf/subsys/nrf_security/src/core/nrf_oberon/libpsa_core.a(psa_crypto_driver_wrappers.c.obj)
                0x0000000000008068                psa_driver_wrapper_free
 .text.psa_driver_wrapper_init_random
                0x000000000000806a        0x4 modules/nrf/subsys/nrf_security/src/core/nrf_oberon/libpsa_core.a(psa_crypto_driver_wrappers.c.obj)
                0x000000000000806a                psa_driver_wrapper_init_random
 .text.psa_driver_wrapper_free_random
                0x000000000000806e        0x4 modules/nrf/subsys/nrf_security/src/core/nrf_oberon/libpsa_core.a(psa_crypto_driver_wrappers.c.obj)
                0x000000000000806e                psa_driver_wrapper_free_random
 .text.platform_free_uninit
                0x0000000000008072        0x2 modules/nrf/subsys/nrf_security/src/core/nrf_oberon/libpsa_core.a(platform.c.obj)
 .text.mbedtls_zeroize_and_free
                0x0000000000008074       0x14 modules/nrf/subsys/nrf_security/src/core/nrf_oberon/libpsa_core.a(platform_util.c.obj)
                0x0000000000008074                mbedtls_zeroize_and_free
 .text.silex_statuscodes_to_psa
                0x0000000000008088       0xbc modules/nrf/subsys/nrf_security/src/drivers/cracen/libcracen_psa_driver.a(common.c.obj)
                0x0000000000008088                silex_statuscodes_to_psa
 .text.cracen_xorbytes
                0x0000000000008144       0x1a modules/nrf/subsys/nrf_security/src/drivers/cracen/libcracen_psa_driver.a(common.c.obj)
                0x0000000000008144                cracen_xorbytes
 .text.cracen_be_add
                0x000000000000815e       0x14 modules/nrf/subsys/nrf_security/src/drivers/cracen/libcracen_psa_driver.a(common.c.obj)
                0x000000000000815e                cracen_be_add
 .text.safe_memset
                0x0000000000008172       0x16 modules/nrf/subsys/nrf_security/src/drivers/cracen/libcracen_psa_driver.a(mem_helpers.c.obj)
                0x0000000000008172                safe_memset
 .text.safe_memzero
                0x0000000000008188       0x18 modules/nrf/subsys/nrf_security/src/drivers/cracen/libcracen_psa_driver.a(mem_helpers.c.obj)
                0x0000000000008188                safe_memzero
 .text.lib_kmu_is_slot_empty
                0x00000000000081a0       0x14 modules/nrf/subsys/nrf_security/src/drivers/cracen/libcracen_psa_driver.a(lib_kmu.c.obj)
                0x00000000000081a0                lib_kmu_is_slot_empty
 .text.psa_set_key_usage_flags
                0x00000000000081b4       0x14 modules/nrf/subsys/nrf_security/src/drivers/cracen/libcracen_psa_driver.a(kmu.c.obj)
 .text.set_provisioning_in_progress
                0x00000000000081c8       0x30 modules/nrf/subsys/nrf_security/src/drivers/cracen/libcracen_psa_driver.a(kmu.c.obj)
 .text.clean_up_unfinished_provisioning
                0x00000000000081f8       0x46 modules/nrf/subsys/nrf_security/src/drivers/cracen/libcracen_psa_driver.a(kmu.c.obj)
 .text.sx_clear_interrupt
                0x000000000000823e       0x1a modules/nrf/subsys/nrf_security/src/drivers/cracen/libcracen_psa_driver.a(pk_baremetal.c.obj)
                0x000000000000823e                sx_clear_interrupt
 .text.convert_ba414_capabilities
                0x0000000000008258       0x4c modules/nrf/subsys/nrf_security/src/drivers/cracen/libcracen_psa_driver.a(ba414_status.c.obj)
                0x0000000000008258                convert_ba414_capabilities
 .text.sx_pk_is_ik_cmd
                0x00000000000082a4        0xa modules/nrf/subsys/nrf_security/src/drivers/cracen/libcracen_psa_driver.a(ikhardware.c.obj)
                0x00000000000082a4                sx_pk_is_ik_cmd
 .text.psa_extend_key_usage_flags
                0x00000000000082ae       0x1a modules/nrf/subsys/nrf_security/src/drivers/cracen/libcracen_psa_driver.a(ctr_drbg.c.obj)
 .text.trng_get_seed.constprop.0
                0x00000000000082c8       0x3a modules/nrf/subsys/nrf_security/src/drivers/cracen/libcracen_psa_driver.a(ctr_drbg.c.obj)
 .text.sx_cmdma_reset
                0x0000000000008302       0x42 modules/nrf/subsys/nrf_security/src/drivers/cracen/libcracen_psa_driver.a(cmdma.c.obj)
                0x0000000000008302                sx_cmdma_reset
 .text.sx_cmdma_check
                0x0000000000008344       0x4e modules/nrf/subsys/nrf_security/src/drivers/cracen/libcracen_psa_driver.a(cmdma.c.obj)
                0x0000000000008344                sx_cmdma_check
 .text.sx_trng_close
                0x0000000000008392       0x14 modules/nrf/subsys/nrf_security/src/drivers/cracen/libcracen_psa_driver.a(trng.c.obj)
                0x0000000000008392                sx_trng_close
 .text.mbedtls_mutex_unlock_fn
                0x00000000000083a6        0x4 modules/nrf/subsys/nrf_security/src/libmbedcrypto_base.a(threading_alt.c.obj)
                0x00000000000083a6                mbedtls_mutex_unlock_fn
 .text.mbedtls_mutex_lock_fn
                0x00000000000083aa        0xc modules/nrf/subsys/nrf_security/src/libmbedcrypto_base.a(threading_alt.c.obj)
                0x00000000000083aa                mbedtls_mutex_lock_fn
 .text.nrf_security_mutex_lock
                0x00000000000083b6        0xc modules/nrf/subsys/nrf_security/src/libnrf_security_utils.a(nrf_security_mutexes.c.obj)
                0x00000000000083b6                nrf_security_mutex_lock
 .text.nrf_security_mutex_unlock
                0x00000000000083c2        0x4 modules/nrf/subsys/nrf_security/src/libnrf_security_utils.a(nrf_security_mutexes.c.obj)
                0x00000000000083c2                nrf_security_mutex_unlock
 .text.nrf_security_event_init
                0x00000000000083c6        0x4 modules/nrf/subsys/nrf_security/src/libnrf_security_utils.a(nrf_security_events.c.obj)
                0x00000000000083c6                nrf_security_event_init
 .text.nrf_security_event_wait
                0x00000000000083ca       0x1a modules/nrf/subsys/nrf_security/src/libnrf_security_utils.a(nrf_security_events.c.obj)
                0x00000000000083ca                nrf_security_event_wait
 .text.nrf_security_event_clear
                0x00000000000083e4        0x4 modules/nrf/subsys/nrf_security/src/libnrf_security_utils.a(nrf_security_events.c.obj)
                0x00000000000083e4                nrf_security_event_clear
 .text.nrf_security_event_set
                0x00000000000083e8        0x4 modules/nrf/subsys/nrf_security/src/libnrf_security_utils.a(nrf_security_events.c.obj)
                0x00000000000083e8                nrf_security_event_set
 .text.k_event_wait_internal
                0x00000000000083ec       0x82 zephyr/kernel/libkernel.a(events.c.obj)
 .text.event_walk_op
                0x000000000000846e       0x30 zephyr/kernel/libkernel.a(events.c.obj)
 .text.z_impl_k_event_init
                0x000000000000849e        0xa zephyr/kernel/libkernel.a(events.c.obj)
                0x000000000000849e                z_impl_k_event_init
 .text.z_impl_k_event_set
                0x00000000000084a8        0x8 zephyr/kernel/libkernel.a(events.c.obj)
                0x00000000000084a8                z_impl_k_event_set
 .text.z_impl_k_event_clear
                0x00000000000084b0        0x8 zephyr/kernel/libkernel.a(events.c.obj)
                0x00000000000084b0                z_impl_k_event_clear
 .text.z_impl_k_event_wait
                0x00000000000084b8        0x6 zephyr/kernel/libkernel.a(events.c.obj)
                0x00000000000084b8                z_impl_k_event_wait
 .text.memcpy   0x00000000000084be       0x1a /opt/ncs/toolchains/f9c66dfcaf/opt/zephyr-sdk/arm-zephyr-eabi/bin/../lib/gcc/../../picolibc/arm-zephyr-eabi/lib/thumb/v8-m.main/nofp/libc.a(memcpy.c.o)
                0x00000000000084be                memcpy
                0x00000000000084be                __aeabi_memcpy
                0x00000000000084be                __aeabi_memcpy4
                0x00000000000084be                __aeabi_memcpy8
 .text.memset   0x00000000000084d8       0x10 /opt/ncs/toolchains/f9c66dfcaf/opt/zephyr-sdk/arm-zephyr-eabi/bin/../lib/gcc/../../picolibc/arm-zephyr-eabi/lib/thumb/v8-m.main/nofp/libc.a(memset.c.o)
                0x00000000000084d8                memset
 .text.strnlen  0x00000000000084e8       0x18 /opt/ncs/toolchains/f9c66dfcaf/opt/zephyr-sdk/arm-zephyr-eabi/bin/../lib/gcc/../../picolibc/arm-zephyr-eabi/lib/thumb/v8-m.main/nofp/libc.a(libc_string_strnlen.c.o)
                0x00000000000084e8                strnlen
 .text.__ultoa_invert
                0x0000000000008500       0xac /opt/ncs/toolchains/f9c66dfcaf/opt/zephyr-sdk/arm-zephyr-eabi/bin/../lib/gcc/../../picolibc/arm-zephyr-eabi/lib/thumb/v8-m.main/nofp/libc.a(libc_tinystdio_vflprintf.c.o)
 .text.__file_str_put
                0x00000000000085ac       0x10 /opt/ncs/toolchains/f9c66dfcaf/opt/zephyr-sdk/arm-zephyr-eabi/bin/../lib/gcc/../../picolibc/arm-zephyr-eabi/lib/thumb/v8-m.main/nofp/libc.a(libc_tinystdio_filestrput.c.o)
                0x00000000000085ac                __file_str_put
 *(SORT_BY_ALIGNMENT(.TEXT.*))
 .TEXT.__aeabi_read_tp
                0x00000000000085bc        0xc zephyr/arch/arch/arm/core/cortex_m/libarch__arm__core__cortex_m.a(__aeabi_read_tp.S.obj)
                0x00000000000085bc                __aeabi_read_tp
 *(SORT_BY_ALIGNMENT(.gnu.linkonce.t.*))
 *(SORT_BY_ALIGNMENT(.glue_7t))
 .glue_7t       0x00000000000085c8        0x0 linker stubs
 *(SORT_BY_ALIGNMENT(.glue_7))
 .glue_7        0x00000000000085c8        0x0 linker stubs
 *(SORT_BY_ALIGNMENT(.vfp11_veneer))
 .vfp11_veneer  0x00000000000085c8        0x0 linker stubs
 *(SORT_BY_ALIGNMENT(.v4_bx))
 .v4_bx         0x00000000000085c8        0x0 linker stubs
                0x00000000000085c8                . = ALIGN (0x4)
                0x00000000000085c8                __text_region_end = .

.ARM.exidx      0x00000000000085c8        0x8
                0x00000000000085c8                __exidx_start = .
 *(SORT_BY_ALIGNMENT(.ARM.exidx*) SORT_BY_ALIGNMENT(gnu.linkonce.armexidx.*))
 .ARM.exidx     0x00000000000085c8        0x8 /opt/ncs/toolchains/f9c66dfcaf/opt/zephyr-sdk/arm-zephyr-eabi/bin/../lib/gcc/../../picolibc/arm-zephyr-eabi/lib/thumb/v8-m.main/nofp/libc.a(strlen.S.o)
 .ARM.exidx     0x00000000000085d0        0x0 /opt/ncs/toolchains/f9c66dfcaf/opt/zephyr-sdk/arm-zephyr-eabi/bin/../lib/gcc/arm-zephyr-eabi/12.2.0/thumb/v8-m.main/nofp/libgcc.a(_udivmoddi4.o)
                                          0x8 (size before relaxing)
                0x00000000000085d0                __exidx_end = .
                0x00000000000085d0                __rodata_region_start = .

initlevel       0x00000000000085d0       0x58
                0x00000000000085d0                __init_start = .
                0x00000000000085d0                __init_EARLY_start = .
 *(SORT_BY_NAME(SORT_BY_ALIGNMENT(.z_init_EARLY_P_?_*)))
 *(SORT_BY_NAME(SORT_BY_ALIGNMENT(.z_init_EARLY_P_??_*)))
 *(SORT_BY_NAME(SORT_BY_ALIGNMENT(.z_init_EARLY_P_???_*)))
                0x00000000000085d0                __init_PRE_KERNEL_1_start = .
 *(SORT_BY_NAME(SORT_BY_ALIGNMENT(.z_init_PRE_KERNEL_1_P_?_*)))
 .z_init_PRE_KERNEL_1_P_0_SUB_0_
                0x00000000000085d0        0x8 zephyr/soc/soc/nrf54l15/libsoc__nordic.a(soc.c.obj)
 *(SORT_BY_NAME(SORT_BY_ALIGNMENT(.z_init_PRE_KERNEL_1_P_??_*)))
 .z_init_PRE_KERNEL_1_P_30_SUB_00058_
                0x00000000000085d8        0x8 zephyr/drivers/clock_control/libdrivers__clock_control.a(clock_control_nrf.c.obj)
 .z_init_PRE_KERNEL_1_P_40_SUB_00011_
                0x00000000000085e0        0x8 zephyr/drivers/gpio/libdrivers__gpio.a(gpio_nrfx.c.obj)
 .z_init_PRE_KERNEL_1_P_40_SUB_00013_
                0x00000000000085e8        0x8 zephyr/drivers/gpio/libdrivers__gpio.a(gpio_nrfx.c.obj)
 .z_init_PRE_KERNEL_1_P_40_SUB_00024_
                0x00000000000085f0        0x8 zephyr/drivers/gpio/libdrivers__gpio.a(gpio_nrfx.c.obj)
 .z_init_PRE_KERNEL_1_P_50_SUB_00103_
                0x00000000000085f8        0x8 zephyr/drivers/serial/libdrivers__serial.a(uart_nrfx_uarte.c.obj)
 .z_init_PRE_KERNEL_1_P_60_SUB_0_
                0x0000000000008600        0x8 zephyr/drivers/console/libdrivers__console.a(uart_console.c.obj)
 *(SORT_BY_NAME(SORT_BY_ALIGNMENT(.z_init_PRE_KERNEL_1_P_???_*)))
                0x0000000000008608                __init_PRE_KERNEL_2_start = .
 *(SORT_BY_NAME(SORT_BY_ALIGNMENT(.z_init_PRE_KERNEL_2_P_?_*)))
 .z_init_PRE_KERNEL_2_P_0_SUB_0_
                0x0000000000008608        0x8 zephyr/drivers/timer/libdrivers__timer.a(nrf_grtc_timer.c.obj)
 *(SORT_BY_NAME(SORT_BY_ALIGNMENT(.z_init_PRE_KERNEL_2_P_??_*)))
 *(SORT_BY_NAME(SORT_BY_ALIGNMENT(.z_init_PRE_KERNEL_2_P_???_*)))
                0x0000000000008610                __init_POST_KERNEL_start = .
 *(SORT_BY_NAME(SORT_BY_ALIGNMENT(.z_init_POST_KERNEL_P_?_*)))
 .z_init_POST_KERNEL_P_0_SUB_0_
                0x0000000000008610        0x8 zephyr/libzephyr.a(log_core.c.obj)
 *(SORT_BY_NAME(SORT_BY_ALIGNMENT(.z_init_POST_KERNEL_P_??_*)))
 .z_init_POST_KERNEL_P_35_SUB_0_
                0x0000000000008618        0x8 zephyr/lib/libc/common/liblib__libc__common.a(malloc.c.obj)
 .z_init_POST_KERNEL_P_50_SUB_0_
                0x0000000000008620        0x8 modules/nrf/subsys/nrf_security/src/zephyr/libmbedtls_zephyr.a(psa_crypto_init.c.obj)
 *(SORT_BY_NAME(SORT_BY_ALIGNMENT(.z_init_POST_KERNEL_P_???_*)))
                0x0000000000008628                __init_APPLICATION_start = .
 *(SORT_BY_NAME(SORT_BY_ALIGNMENT(.z_init_APPLICATION_P_?_*)))
 *(SORT_BY_NAME(SORT_BY_ALIGNMENT(.z_init_APPLICATION_P_??_*)))
 *(SORT_BY_NAME(SORT_BY_ALIGNMENT(.z_init_APPLICATION_P_???_*)))
                0x0000000000008628                __init_SMP_start = .
 *(SORT_BY_NAME(SORT_BY_ALIGNMENT(.z_init_SMP_P_?_*)))
 *(SORT_BY_NAME(SORT_BY_ALIGNMENT(.z_init_SMP_P_??_*)))
 *(SORT_BY_NAME(SORT_BY_ALIGNMENT(.z_init_SMP_P_???_*)))
                0x0000000000008628                __init_end = .

device_area     0x0000000000008628       0xa0
                0x0000000000008628                _device_list_start = .
 *(SORT_BY_NAME(SORT_BY_ALIGNMENT(._device.static.*_?_*)))
 *(SORT_BY_NAME(SORT_BY_ALIGNMENT(._device.static.*_??_*)))
 ._device.static.1_30_
                0x0000000000008628       0x20 zephyr/drivers/clock_control/libdrivers__clock_control.a(clock_control_nrf.c.obj)
                0x0000000000008628                __device_dts_ord_58
 ._device.static.1_40_
                0x0000000000008648       0x60 zephyr/drivers/gpio/libdrivers__gpio.a(gpio_nrfx.c.obj)
                0x0000000000008648                __device_dts_ord_13
                0x0000000000008668                __device_dts_ord_11
                0x0000000000008688                __device_dts_ord_24
 ._device.static.1_50_
                0x00000000000086a8       0x20 zephyr/drivers/serial/libdrivers__serial.a(uart_nrfx_uarte.c.obj)
                0x00000000000086a8                __device_dts_ord_103
 *(SORT_BY_NAME(SORT_BY_ALIGNMENT(._device.static.*_???_*)))
 *(SORT_BY_NAME(SORT_BY_ALIGNMENT(._device.static.*_????_*)))
 *(SORT_BY_NAME(SORT_BY_ALIGNMENT(._device.static.*_?????_*)))
                0x00000000000086c8                _device_list_end = .

sw_isr_table    0x00000000000086c8      0x878
                0x00000000000086c8                . = ALIGN (0x4)
 *(SORT_BY_ALIGNMENT(.gnu.linkonce.sw_isr_table*))
 .gnu.linkonce.sw_isr_table
                0x00000000000086c8      0x878 zephyr/arch/common/libisr_tables.a(isr_tables.c.obj)
                0x00000000000086c8                _sw_isr_table

initlevel_error
                0x00000000000085d0        0x0
 *(SORT_BY_NAME(SORT_BY_ALIGNMENT(.z_init_*)))
                0x0000000000000001                ASSERT ((SIZEOF (initlevel_error) == 0x0), Undefined initialization levels used.)

app_shmem_regions
                0x0000000000008f40        0x0
                0x0000000000008f40                __app_shmem_regions_start = .
 *(SORT_BY_NAME(SORT_BY_ALIGNMENT(.app_regions.*)))
                0x0000000000008f40                __app_shmem_regions_end = .

k_p4wq_initparam_area
                0x0000000000008f40        0x0
                0x0000000000008f40                _k_p4wq_initparam_list_start = .
 *(SORT_BY_NAME(SORT_BY_ALIGNMENT(._k_p4wq_initparam.static.*)))
                0x0000000000008f40                _k_p4wq_initparam_list_end = .

_static_thread_data_area
                0x0000000000008f40        0x0
                0x0000000000008f40                __static_thread_data_list_start = .
 *(SORT_BY_NAME(SORT_BY_ALIGNMENT(.__static_thread_data.static.*)))
                0x0000000000008f40                __static_thread_data_list_end = .

device_deps     0x0000000000008f40        0x0
                0x0000000000008f40                __device_deps_start = .
 *(SORT_BY_NAME(SORT_BY_ALIGNMENT(.__device_deps_pass2*)))
                0x0000000000008f40                __device_deps_end = .

gpio_driver_api_area
                0x0000000000008f40       0x24
                0x0000000000008f40                _gpio_driver_api_list_start = .
 *(SORT_BY_NAME(SORT_BY_ALIGNMENT(._gpio_driver_api.static.*)))
 ._gpio_driver_api.static.gpio_nrfx_drv_api_funcs_
                0x0000000000008f40       0x24 zephyr/drivers/gpio/libdrivers__gpio.a(gpio_nrfx.c.obj)
                0x0000000000008f64                _gpio_driver_api_list_end = .

shared_irq_driver_api_area
                0x0000000000008f64        0x0
                0x0000000000008f64                _shared_irq_driver_api_list_start = .
 *(SORT_BY_NAME(SORT_BY_ALIGNMENT(._shared_irq_driver_api.static.*)))
                0x0000000000008f64                _shared_irq_driver_api_list_end = .

crypto_driver_api_area
                0x0000000000008f64        0x0
                0x0000000000008f64                _crypto_driver_api_list_start = .
 *(SORT_BY_NAME(SORT_BY_ALIGNMENT(._crypto_driver_api.static.*)))
                0x0000000000008f64                _crypto_driver_api_list_end = .

adc_driver_api_area
                0x0000000000008f64        0x0
                0x0000000000008f64                _adc_driver_api_list_start = .
 *(SORT_BY_NAME(SORT_BY_ALIGNMENT(._adc_driver_api.static.*)))
                0x0000000000008f64                _adc_driver_api_list_end = .

auxdisplay_driver_api_area
                0x0000000000008f64        0x0
                0x0000000000008f64                _auxdisplay_driver_api_list_start = .
 *(SORT_BY_NAME(SORT_BY_ALIGNMENT(._auxdisplay_driver_api.static.*)))
                0x0000000000008f64                _auxdisplay_driver_api_list_end = .

bbram_driver_api_area
                0x0000000000008f64        0x0
                0x0000000000008f64                _bbram_driver_api_list_start = .
 *(SORT_BY_NAME(SORT_BY_ALIGNMENT(._bbram_driver_api.static.*)))
                0x0000000000008f64                _bbram_driver_api_list_end = .

bt_hci_driver_api_area
                0x0000000000008f64        0x0
                0x0000000000008f64                _bt_hci_driver_api_list_start = .
 *(SORT_BY_NAME(SORT_BY_ALIGNMENT(._bt_hci_driver_api.static.*)))
                0x0000000000008f64                _bt_hci_driver_api_list_end = .

can_driver_api_area
                0x0000000000008f64        0x0
                0x0000000000008f64                _can_driver_api_list_start = .
 *(SORT_BY_NAME(SORT_BY_ALIGNMENT(._can_driver_api.static.*)))
                0x0000000000008f64                _can_driver_api_list_end = .

cellular_driver_api_area
                0x0000000000008f64        0x0
                0x0000000000008f64                _cellular_driver_api_list_start = .
 *(SORT_BY_NAME(SORT_BY_ALIGNMENT(._cellular_driver_api.static.*)))
                0x0000000000008f64                _cellular_driver_api_list_end = .

charger_driver_api_area
                0x0000000000008f64        0x0
                0x0000000000008f64                _charger_driver_api_list_start = .
 *(SORT_BY_NAME(SORT_BY_ALIGNMENT(._charger_driver_api.static.*)))
                0x0000000000008f64                _charger_driver_api_list_end = .

clock_control_driver_api_area
                0x0000000000008f64       0x1c
                0x0000000000008f64                _clock_control_driver_api_list_start = .
 *(SORT_BY_NAME(SORT_BY_ALIGNMENT(._clock_control_driver_api.static.*)))
 ._clock_control_driver_api.static.clock_control_api_
                0x0000000000008f64       0x1c zephyr/drivers/clock_control/libdrivers__clock_control.a(clock_control_nrf.c.obj)
                0x0000000000008f80                _clock_control_driver_api_list_end = .

comparator_driver_api_area
                0x0000000000008f80        0x0
                0x0000000000008f80                _comparator_driver_api_list_start = .
 *(SORT_BY_NAME(SORT_BY_ALIGNMENT(._comparator_driver_api.static.*)))
                0x0000000000008f80                _comparator_driver_api_list_end = .

coredump_driver_api_area
                0x0000000000008f80        0x0
                0x0000000000008f80                _coredump_driver_api_list_start = .
 *(SORT_BY_NAME(SORT_BY_ALIGNMENT(._coredump_driver_api.static.*)))
                0x0000000000008f80                _coredump_driver_api_list_end = .

counter_driver_api_area
                0x0000000000008f80        0x0
                0x0000000000008f80                _counter_driver_api_list_start = .
 *(SORT_BY_NAME(SORT_BY_ALIGNMENT(._counter_driver_api.static.*)))
                0x0000000000008f80                _counter_driver_api_list_end = .

dac_driver_api_area
                0x0000000000008f80        0x0
                0x0000000000008f80                _dac_driver_api_list_start = .
 *(SORT_BY_NAME(SORT_BY_ALIGNMENT(._dac_driver_api.static.*)))
                0x0000000000008f80                _dac_driver_api_list_end = .

dai_driver_api_area
                0x0000000000008f80        0x0
                0x0000000000008f80                _dai_driver_api_list_start = .
 *(SORT_BY_NAME(SORT_BY_ALIGNMENT(._dai_driver_api.static.*)))
                0x0000000000008f80                _dai_driver_api_list_end = .

display_driver_api_area
                0x0000000000008f80        0x0
                0x0000000000008f80                _display_driver_api_list_start = .
 *(SORT_BY_NAME(SORT_BY_ALIGNMENT(._display_driver_api.static.*)))
                0x0000000000008f80                _display_driver_api_list_end = .

dma_driver_api_area
                0x0000000000008f80        0x0
                0x0000000000008f80                _dma_driver_api_list_start = .
 *(SORT_BY_NAME(SORT_BY_ALIGNMENT(._dma_driver_api.static.*)))
                0x0000000000008f80                _dma_driver_api_list_end = .

edac_driver_api_area
                0x0000000000008f80        0x0
                0x0000000000008f80                _edac_driver_api_list_start = .
 *(SORT_BY_NAME(SORT_BY_ALIGNMENT(._edac_driver_api.static.*)))
                0x0000000000008f80                _edac_driver_api_list_end = .

eeprom_driver_api_area
                0x0000000000008f80        0x0
                0x0000000000008f80                _eeprom_driver_api_list_start = .
 *(SORT_BY_NAME(SORT_BY_ALIGNMENT(._eeprom_driver_api.static.*)))
                0x0000000000008f80                _eeprom_driver_api_list_end = .

emul_bbram_driver_api_area
                0x0000000000008f80        0x0
                0x0000000000008f80                _emul_bbram_driver_api_list_start = .
 *(SORT_BY_NAME(SORT_BY_ALIGNMENT(._emul_bbram_driver_api.static.*)))
                0x0000000000008f80                _emul_bbram_driver_api_list_end = .

fuel_gauge_emul_driver_api_area
                0x0000000000008f80        0x0
                0x0000000000008f80                _fuel_gauge_emul_driver_api_list_start = .
 *(SORT_BY_NAME(SORT_BY_ALIGNMENT(._fuel_gauge_emul_driver_api.static.*)))
                0x0000000000008f80                _fuel_gauge_emul_driver_api_list_end = .

emul_sensor_driver_api_area
                0x0000000000008f80        0x0
                0x0000000000008f80                _emul_sensor_driver_api_list_start = .
 *(SORT_BY_NAME(SORT_BY_ALIGNMENT(._emul_sensor_driver_api.static.*)))
                0x0000000000008f80                _emul_sensor_driver_api_list_end = .

entropy_driver_api_area
                0x0000000000008f80        0x0
                0x0000000000008f80                _entropy_driver_api_list_start = .
 *(SORT_BY_NAME(SORT_BY_ALIGNMENT(._entropy_driver_api.static.*)))
                0x0000000000008f80                _entropy_driver_api_list_end = .

espi_driver_api_area
                0x0000000000008f80        0x0
                0x0000000000008f80                _espi_driver_api_list_start = .
 *(SORT_BY_NAME(SORT_BY_ALIGNMENT(._espi_driver_api.static.*)))
                0x0000000000008f80                _espi_driver_api_list_end = .

espi_saf_driver_api_area
                0x0000000000008f80        0x0
                0x0000000000008f80                _espi_saf_driver_api_list_start = .
 *(SORT_BY_NAME(SORT_BY_ALIGNMENT(._espi_saf_driver_api.static.*)))
                0x0000000000008f80                _espi_saf_driver_api_list_end = .

flash_driver_api_area
                0x0000000000008f80        0x0
                0x0000000000008f80                _flash_driver_api_list_start = .